Component: ARM Compiler 5.05 update 1 (build 106) Tool: armlink [4d0efa]

==============================================================================

Section Cross References

    main.o(i.main) refers to tim.o(i.TIM2Init) for TIM2Init
    main.o(i.main) refers to uart.o(i.UART2Init) for UART2Init
    main.o(i.main) refers to uart.o(i.UART3Init) for UART3Init
    main.o(i.main) refers to inout.o(i.pinTest) for pinTest
    main.o(i.main) refers to uartcontrol.o(i.UartRcvHandle) for UartRcvHandle
    main.o(i.main) refers to uartcontrol.o(i.UartTxHandle) for UartTxHandle
    main.o(i.main) refers to uartcontrol.o(i.slaveTopCtrl) for slaveTopCtrl
    main.o(i.main) refers to stm32f10x_gpio.o(i.GPIO_ReadOutputDataBit) for GPIO_ReadOutputDataBit
    main.o(i.main) refers to stm32f10x_gpio.o(i.GPIO_WriteBit) for GPIO_WriteBit
    main.o(i.main) refers to uartcontrol.o(i.regularTimeDo) for regularTimeDo
    main.o(i.main) refers to uarthandle.o(.bss) for uartData
    main.o(i.main) refers to tim.o(.data) for mainT_state
    main.o(i.main) refers to uart.o(.data) for rx2Flag
    main.o(i.main) refers to uart.o(.bss) for rxBuf2
    stm32f10x_rcc.o(i.RCC_GetClocksFreq) refers to stm32f10x_rcc.o(.data) for APBAHBPrescTable
    stm32f10x_rcc.o(i.RCC_WaitForHSEStartUp) refers to stm32f10x_rcc.o(i.RCC_GetFlagStatus) for RCC_GetFlagStatus
    stm32f10x_gpio.o(i.GPIO_AFIODeInit) refers to stm32f10x_rcc.o(i.RCC_APB2PeriphResetCmd) for RCC_APB2PeriphResetCmd
    stm32f10x_gpio.o(i.GPIO_DeInit) refers to stm32f10x_rcc.o(i.RCC_APB2PeriphResetCmd) for RCC_APB2PeriphResetCmd
    stm32f10x_spi.o(i.I2S_Init) refers to stm32f10x_rcc.o(i.RCC_GetClocksFreq) for RCC_GetClocksFreq
    stm32f10x_spi.o(i.SPI_I2S_DeInit) refers to stm32f10x_rcc.o(i.RCC_APB2PeriphResetCmd) for RCC_APB2PeriphResetCmd
    stm32f10x_spi.o(i.SPI_I2S_DeInit) refers to stm32f10x_rcc.o(i.RCC_APB1PeriphResetCmd) for RCC_APB1PeriphResetCmd
    stm32f10x_usart.o(i.USART_DeInit) refers to stm32f10x_rcc.o(i.RCC_APB2PeriphResetCmd) for RCC_APB2PeriphResetCmd
    stm32f10x_usart.o(i.USART_DeInit) refers to stm32f10x_rcc.o(i.RCC_APB1PeriphResetCmd) for RCC_APB1PeriphResetCmd
    stm32f10x_usart.o(i.USART_Init) refers to stm32f10x_rcc.o(i.RCC_GetClocksFreq) for RCC_GetClocksFreq
    stm32f10x_i2c.o(i.I2C_DeInit) refers to stm32f10x_rcc.o(i.RCC_APB1PeriphResetCmd) for RCC_APB1PeriphResetCmd
    stm32f10x_i2c.o(i.I2C_Init) refers to stm32f10x_rcc.o(i.RCC_GetClocksFreq) for RCC_GetClocksFreq
    stm32f10x_adc.o(i.ADC_DeInit) refers to stm32f10x_rcc.o(i.RCC_APB2PeriphResetCmd) for RCC_APB2PeriphResetCmd
    stm32f10x_bkp.o(i.BKP_DeInit) refers to stm32f10x_rcc.o(i.RCC_BackupResetCmd) for RCC_BackupResetCmd
    stm32f10x_can.o(i.CAN_DeInit) refers to stm32f10x_rcc.o(i.RCC_APB1PeriphResetCmd) for RCC_APB1PeriphResetCmd
    stm32f10x_can.o(i.CAN_GetITStatus) refers to stm32f10x_can.o(i.CheckITStatus) for CheckITStatus
    stm32f10x_cec.o(i.CEC_DeInit) refers to stm32f10x_rcc.o(i.RCC_APB1PeriphResetCmd) for RCC_APB1PeriphResetCmd
    stm32f10x_dac.o(i.DAC_DeInit) refers to stm32f10x_rcc.o(i.RCC_APB1PeriphResetCmd) for RCC_APB1PeriphResetCmd
    stm32f10x_flash.o(i.FLASH_EnableWriteProtection) refers to stm32f10x_flash.o(i.FLASH_WaitForLastOperation) for FLASH_WaitForLastOperation
    stm32f10x_flash.o(i.FLASH_EraseAllBank1Pages) refers to stm32f10x_flash.o(i.FLASH_WaitForLastBank1Operation) for FLASH_WaitForLastBank1Operation
    stm32f10x_flash.o(i.FLASH_EraseAllPages) refers to stm32f10x_flash.o(i.FLASH_WaitForLastOperation) for FLASH_WaitForLastOperation
    stm32f10x_flash.o(i.FLASH_EraseOptionBytes) refers to stm32f10x_flash.o(i.FLASH_GetReadOutProtectionStatus) for FLASH_GetReadOutProtectionStatus
    stm32f10x_flash.o(i.FLASH_EraseOptionBytes) refers to stm32f10x_flash.o(i.FLASH_WaitForLastOperation) for FLASH_WaitForLastOperation
    stm32f10x_flash.o(i.FLASH_ErasePage) refers to stm32f10x_flash.o(i.FLASH_WaitForLastOperation) for FLASH_WaitForLastOperation
    stm32f10x_flash.o(i.FLASH_ProgramHalfWord) refers to stm32f10x_flash.o(i.FLASH_WaitForLastOperation) for FLASH_WaitForLastOperation
    stm32f10x_flash.o(i.FLASH_ProgramOptionByteData) refers to stm32f10x_flash.o(i.FLASH_WaitForLastOperation) for FLASH_WaitForLastOperation
    stm32f10x_flash.o(i.FLASH_ProgramWord) refers to stm32f10x_flash.o(i.FLASH_WaitForLastOperation) for FLASH_WaitForLastOperation
    stm32f10x_flash.o(i.FLASH_ReadOutProtection) refers to stm32f10x_flash.o(i.FLASH_WaitForLastOperation) for FLASH_WaitForLastOperation
    stm32f10x_flash.o(i.FLASH_UserOptionByteConfig) refers to stm32f10x_flash.o(i.FLASH_WaitForLastOperation) for FLASH_WaitForLastOperation
    stm32f10x_flash.o(i.FLASH_WaitForLastBank1Operation) refers to stm32f10x_flash.o(i.FLASH_GetBank1Status) for FLASH_GetBank1Status
    stm32f10x_flash.o(i.FLASH_WaitForLastOperation) refers to stm32f10x_flash.o(i.FLASH_GetBank1Status) for FLASH_GetBank1Status
[...]
    uarthandle.o(i.pollSlaveHandle) refers to uart.o(i.SendStr) for SendStr
    uarthandle.o(i.pollSlaveHandle) refers to uarthandle.o(.bss) for uartData
    uarthandle.o(i.uartRcvContentHandle) refers to uarthandle.o(i.analyzeFrameContent) for analyzeFrameContent
    uartcontrol.o(i.UartRcvHandle) refers to uarthandle.o(i.uartRcvContentHandle) for uartRcvContentHandle
    uartcontrol.o(i.UartRcvHandle) refers to uartcontrol.o(i.UartRxFctnCtntHandle) for UartRxFctnCtntHandle
    uartcontrol.o(i.UartRxFctnCtntHandle) refers to uartcontrol.o(i.setParaData) for setParaData
    uartcontrol.o(i.UartRxFctnCtntHandle) refers to uartcontrol.o(i.setCtrlData) for setCtrlData
    uartcontrol.o(i.UartTxHandle) refers to uartcontrol.o(i.UartTxFctnCtntHandle) for UartTxFctnCtntHandle
    uartcontrol.o(i.UartTxHandle) refers to uarthandle.o(i.getDataToFrame) for getDataToFrame
    uartcontrol.o(i.UartTxHandle) refers to uart.o(i.SendStr) for SendStr
    uartcontrol.o(i.regularTimeDo) refers to uartcontrol.o(.data) for checkDataCnt
    uartcontrol.o(i.slaveTopCtrl) refers to uarthandle.o(i.pollSlaveHandle) for pollSlaveHandle
    uartcontrol.o(i.wifiTxHandle) refers to uart.o(i.SendStr) for SendStr
    entry.o(.ARM.Collect$$$$00000000) refers (Special) to entry10a.o(.ARM.Collect$$$$0000000D) for __rt_final_cpp
    entry.o(.ARM.Collect$$$$00000000) refers (Special) to entry11a.o(.ARM.Collect$$$$0000000F) for __rt_final_exit
    entry.o(.ARM.Collect$$$$00000000) refers (Special) to entry7b.o(.ARM.Collect$$$$00000008) for _main_clock
    entry.o(.ARM.Collect$$$$00000000) refers (Special) to entry8b.o(.ARM.Collect$$$$0000000A) for _main_cpp_init
    entry.o(.ARM.Collect$$$$00000000) refers (Special) to entry9a.o(.ARM.Collect$$$$0000000B) for _main_init
    entry.o(.ARM.Collect$$$$00000000) refers (Special) to entry5.o(.ARM.Collect$$$$00000004) for _main_scatterload
    entry.o(.ARM.Collect$$$$00000000) refers (Special) to entry2.o(.ARM.Collect$$$$00000001) for _main_stk
    dflti.o(.text) refers (Special) to iusefp.o(.text) for __I$use$fp
    dflti.o(.text) refers to depilogue.o(.text) for _double_epilogue
    dfltui.o(.text) refers (Special) to iusefp.o(.text) for __I$use$fp
    dfltui.o(.text) refers to depilogue.o(.text) for _double_epilogue
    cdcmple.o(.text) refers (Special) to iusefp.o(.text) for __I$use$fp
    cdrcmple.o(.text) refers (Special) to iusefp.o(.text) for __I$use$fp
    entry2.o(.ARM.Collect$$$$00000001) refers to entry2.o(.ARM.Collect$$$$00002712) for __lit__00000000
    entry2.o(.ARM.Collect$$$$00002712) refers to startup_stm32f10x_hd.o(STACK) for __initial_sp
    entry2.o(__vectab_stack_and_reset_area) refers to startup_stm32f10x_hd.o(STACK) for __initial_sp
    entry2.o(__vectab_stack_and_reset_area) refers to entry.o(.ARM.Collect$$$$00000000) for __main
    entry5.o(.ARM.Collect$$$$00000004) refers to init.o(.text) for __scatterload
    entry9a.o(.ARM.Collect$$$$0000000B) refers to main.o(i.main) for main
    entry9b.o(.ARM.Collect$$$$0000000C) refers to main.o(i.main) for main
    depilogue.o(.text) refers to llshl.o(.text) for __aeabi_llsl
    depilogue.o(.text) refers to llushr.o(.text) for __aeabi_llsr
    init.o(.text) refers to entry5.o(.ARM.Collect$$$$00000004) for __main_after_scatterload


==============================================================================

Removing Unused input sections from the image.

    Removing main.o(.data), (1 bytes).
    Removing stm32f10x_rcc.o(i.RCC_ADCCLKConfig), (24 bytes).
    Removing stm32f10x_rcc.o(i.RCC_AHBPeriphClockCmd), (32 bytes).
    Removing stm32f10x_rcc.o(i.RCC_APB1PeriphResetCmd), (32 bytes).
    Removing stm32f10x_rcc.o(i.RCC_APB2PeriphResetCmd), (32 bytes).
    Removing stm32f10x_rcc.o(i.RCC_AdjustHSICalibrationValue), (24 bytes).
    Removing stm32f10x_rcc.o(i.RCC_BackupResetCmd), (12 bytes).
    Removing stm32f10x_rcc.o(i.RCC_ClearFlag), (20 bytes).
    Removing stm32f10x_rcc.o(i.RCC_ClearITPendingBit), (12 bytes).
    Removing stm32f10x_rcc.o(i.RCC_ClockSecuritySystemCmd), (12 bytes).
    Removing stm32f10x_rcc.o(i.RCC_DeInit), (76 bytes).
    Removing stm32f10x_rcc.o(i.RCC_GetFlagStatus), (60 bytes).
    Removing stm32f10x_rcc.o(i.RCC_GetITStatus), (24 bytes).
    Removing stm32f10x_rcc.o(i.RCC_GetSYSCLKSource), (16 bytes).
    Removing stm32f10x_rcc.o(i.RCC_HCLKConfig), (24 bytes).
    Removing stm32f10x_rcc.o(i.RCC_HSEConfig), (76 bytes).
    Removing stm32f10x_rcc.o(i.RCC_HSICmd), (12 bytes).
    Removing stm32f10x_rcc.o(i.RCC_ITConfig), (32 bytes).
    Removing stm32f10x_rcc.o(i.RCC_LSEConfig), (52 bytes).
    Removing stm32f10x_rcc.o(i.RCC_LSICmd), (12 bytes).
    Removing stm32f10x_rcc.o(i.RCC_MCOConfig), (12 bytes).
    Removing stm32f10x_rcc.o(i.RCC_PCLK2Config), (24 bytes).
    Removing stm32f10x_rcc.o(i.RCC_PLLCmd), (12 bytes).
    Removing stm32f10x_rcc.o(i.RCC_PLLConfig), (28 bytes).
    Removing stm32f10x_rcc.o(i.RCC_RTCCLKCmd), (12 bytes).
    Removing stm32f10x_rcc.o(i.RCC_RTCCLKConfig), (16 bytes).
    Removing stm32f10x_rcc.o(i.RCC_SYSCLKConfig), (24 bytes).
    Removing stm32f10x_rcc.o(i.RCC_USBCLKConfig), (12 bytes).
    Removing stm32f10x_rcc.o(i.RCC_WaitForHSEStartUp), (56 bytes).
    Removing stm32f10x_gpio.o(i.GPIO_AFIODeInit), (20 bytes).
    Removing stm32f10x_gpio.o(i.GPIO_DeInit), (200 bytes).
    Removing stm32f10x_gpio.o(i.GPIO_ETH_MediaInterfaceConfig), (12 bytes).
    Removing stm32f10x_gpio.o(i.GPIO_EXTILineConfig), (64 bytes).
    Removing stm32f10x_gpio.o(i.GPIO_EventOutputCmd), (12 bytes).
    Removing stm32f10x_gpio.o(i.GPIO_EventOutputConfig), (32 bytes).
    Removing stm32f10x_gpio.o(i.GPIO_PinLockConfig), (18 bytes).
    Removing stm32f10x_gpio.o(i.GPIO_PinRemapConfig), (144 bytes).
    Removing stm32f10x_gpio.o(i.GPIO_ReadInputData), (8 bytes).
    Removing stm32f10x_gpio.o(i.GPIO_ReadInputDataBit), (18 bytes).
    Removing stm32f10x_gpio.o(i.GPIO_ReadOutputData), (8 bytes).
    Removing stm32f10x_gpio.o(i.GPIO_StructInit), (16 bytes).
    Removing stm32f10x_gpio.o(i.GPIO_Write), (4 bytes).
    Removing misc.o(i.NVIC_SetVectorTable), (20 bytes).
    Removing misc.o(i.NVIC_SystemLPConfig), (32 bytes).
    Removing misc.o(i.SysTick_CLKSourceConfig), (40 bytes).
    Removing stm32f10x_exti.o(i.EXTI_ClearFlag), (12 bytes).
    Removing stm32f10x_exti.o(i.EXTI_ClearITPendingBit), (12 bytes).
    Removing stm32f10x_exti.o(i.EXTI_DeInit), (36 bytes).
    Removing stm32f10x_exti.o(i.EXTI_GenerateSWInterrupt), (16 bytes).
    Removing stm32f10x_exti.o(i.EXTI_GetFlagStatus), (24 bytes).
    Removing stm32f10x_exti.o(i.EXTI_GetITStatus), (40 bytes).
    Removing stm32f10x_exti.o(i.EXTI_Init), (148 bytes).
    Removing stm32f10x_exti.o(i.EXTI_StructInit), (16 bytes).
    Removing stm32f10x_spi.o(i.I2S_Cmd), (24 bytes).
    Removing stm32f10x_spi.o(i.I2S_Init), (232 bytes).
    Removing stm32f10x_spi.o(i.I2S_StructInit), (20 bytes).
    Removing stm32f10x_spi.o(i.SPI_BiDirectionalLineConfig), (28 bytes).
    Removing stm32f10x_spi.o(i.SPI_CalculateCRC), (24 bytes).
    Removing stm32f10x_spi.o(i.SPI_Cmd), (24 bytes).
    Removing stm32f10x_spi.o(i.SPI_DataSizeConfig), (18 bytes).
    Removing stm32f10x_spi.o(i.SPI_GetCRC), (16 bytes).
    Removing stm32f10x_spi.o(i.SPI_GetCRCPolynomial), (6 bytes).
    Removing stm32f10x_spi.o(i.SPI_I2S_ClearFlag), (6 bytes).
    Removing stm32f10x_spi.o(i.SPI_I2S_ClearITPendingBit), (20 bytes).
    Removing stm32f10x_spi.o(i.SPI_I2S_DMACmd), (18 bytes).
    Removing stm32f10x_spi.o(i.SPI_I2S_DeInit), (88 bytes).
    Removing stm32f10x_spi.o(i.SPI_I2S_GetFlagStatus), (18 bytes).
    Removing stm32f10x_spi.o(i.SPI_I2S_ITConfig), (32 bytes).
    Removing stm32f10x_spi.o(i.SPI_I2S_SendData), (4 bytes).
    Removing stm32f10x_spi.o(i.SPI_Init), (60 bytes).
    Removing stm32f10x_spi.o(i.SPI_NSSInternalSoftwareConfig), (30 bytes).
    Removing stm32f10x_spi.o(i.SPI_SSOutputCmd), (24 bytes).
    Removing stm32f10x_spi.o(i.SPI_StructInit), (24 bytes).
    Removing stm32f10x_spi.o(i.SPI_TransmitCRC), (10 bytes).
    Removing stm32f10x_fsmc.o(i.FSMC_ClearFlag), (64 bytes).
    Removing stm32f10x_fsmc.o(i.FSMC_ClearITPendingBit), (72 bytes).
    Removing stm32f10x_fsmc.o(i.FSMC_GetECC), (28 bytes).
    Removing stm32f10x_fsmc.o(i.FSMC_GetFlagStatus), (56 bytes).
    Removing stm32f10x_fsmc.o(i.FSMC_GetITStatus), (68 bytes).
    Removing stm32f10x_fsmc.o(i.FSMC_ITConfig), (128 bytes).
    Removing stm32f10x_fsmc.o(i.FSMC_NANDCmd), (92 bytes).
    Removing stm32f10x_fsmc.o(i.FSMC_NANDDeInit), (68 bytes).
    Removing stm32f10x_fsmc.o(i.FSMC_NANDECCCmd), (92 bytes).
    Removing stm32f10x_fsmc.o(i.FSMC_NANDInit), (136 bytes).
    Removing stm32f10x_fsmc.o(i.FSMC_NANDStructInit), (54 bytes).
    Removing stm32f10x_fsmc.o(i.FSMC_NORSRAMCmd), (52 bytes).
    Removing stm32f10x_fsmc.o(i.FSMC_NORSRAMDeInit), (54 bytes).
    Removing stm32f10x_fsmc.o(i.FSMC_NORSRAMInit), (230 bytes).
    Removing stm32f10x_fsmc.o(i.FSMC_NORSRAMStructInit), (114 bytes).
    Removing stm32f10x_fsmc.o(i.FSMC_PCCARDCmd), (48 bytes).
    Removing stm32f10x_fsmc.o(i.FSMC_PCCARDDeInit), (40 bytes).
    Removing stm32f10x_fsmc.o(i.FSMC_PCCARDInit), (132 bytes).
    Removing stm32f10x_fsmc.o(i.FSMC_PCCARDStructInit), (60 bytes).
    Removing stm32f10x_usart.o(i.USART_ClearFlag), (18 bytes).
    Removing stm32f10x_usart.o(i.USART_ClockInit), (34 bytes).
    Removing stm32f10x_usart.o(i.USART_ClockStructInit), (12 bytes).
    Removing stm32f10x_usart.o(i.USART_DMACmd), (18 bytes).
    Removing stm32f10x_usart.o(i.USART_DeInit), (156 bytes).
    Removing stm32f10x_usart.o(i.USART_HalfDuplexCmd), (24 bytes).
    Removing stm32f10x_usart.o(i.USART_IrDACmd), (24 bytes).
    Removing stm32f10x_usart.o(i.USART_IrDAConfig), (18 bytes).
    Removing stm32f10x_usart.o(i.USART_LINBreakDetectLengthConfig), (18 bytes).
    Removing stm32f10x_usart.o(i.USART_LINCmd), (24 bytes).
    Removing stm32f10x_usart.o(i.USART_OneBitMethodCmd), (24 bytes).
    Removing stm32f10x_usart.o(i.USART_OverSampling8Cmd), (22 bytes).
    Removing stm32f10x_usart.o(i.USART_ReceiverWakeUpCmd), (24 bytes).
    Removing stm32f10x_usart.o(i.USART_SendBreak), (10 bytes).
    Removing stm32f10x_usart.o(i.USART_SetAddress), (18 bytes).
    Removing stm32f10x_usart.o(i.USART_SetGuardTime), (16 bytes).
    Removing stm32f10x_usart.o(i.USART_SetPrescaler), (16 bytes).
    Removing stm32f10x_usart.o(i.USART_SmartCardCmd), (24 bytes).
    Removing stm32f10x_usart.o(i.USART_SmartCardNACKCmd), (24 bytes).
    Removing stm32f10x_usart.o(i.USART_StructInit), (24 bytes).
    Removing stm32f10x_usart.o(i.USART_WakeUpConfig), (18 bytes).
    Removing stm32f10x_sdio.o(i.SDIO_CEATAITCmd), (16 bytes).
    Removing stm32f10x_sdio.o(i.SDIO_ClearFlag), (12 bytes).
    Removing stm32f10x_sdio.o(i.SDIO_ClearITPendingBit), (12 bytes).
    Removing stm32f10x_sdio.o(i.SDIO_ClockCmd), (12 bytes).
    Removing stm32f10x_sdio.o(i.SDIO_CmdStructInit), (14 bytes).
    Removing stm32f10x_sdio.o(i.SDIO_CommandCompletionCmd), (12 bytes).
    Removing stm32f10x_sdio.o(i.SDIO_DMACmd), (12 bytes).
    Removing stm32f10x_sdio.o(i.SDIO_DataConfig), (48 bytes).
    Removing stm32f10x_sdio.o(i.SDIO_DataStructInit), (20 bytes).
    Removing stm32f10x_sdio.o(i.SDIO_DeInit), (36 bytes).
    Removing stm32f10x_sdio.o(i.SDIO_GetCommandResponse), (12 bytes).
    Removing stm32f10x_sdio.o(i.SDIO_GetDataCounter), (12 bytes).
    Removing stm32f10x_sdio.o(i.SDIO_GetFIFOCount), (12 bytes).
    Removing stm32f10x_sdio.o(i.SDIO_GetFlagStatus), (24 bytes).
    Removing stm32f10x_sdio.o(i.SDIO_GetITStatus), (24 bytes).
    Removing stm32f10x_sdio.o(i.SDIO_GetPowerState), (16 bytes).
    Removing stm32f10x_sdio.o(i.SDIO_GetResponse), (24 bytes).
    Removing stm32f10x_sdio.o(i.SDIO_ITConfig), (32 bytes).
    Removing stm32f10x_sdio.o(i.SDIO_Init), (48 bytes).
    Removing stm32f10x_sdio.o(i.SDIO_ReadData), (12 bytes).
    Removing stm32f10x_sdio.o(i.SDIO_SendCEATACmd), (12 bytes).
    Removing stm32f10x_sdio.o(i.SDIO_SendCommand), (44 bytes).
    Removing stm32f10x_sdio.o(i.SDIO_SendSDIOSuspendCmd), (12 bytes).
    Removing stm32f10x_sdio.o(i.SDIO_SetPowerState), (28 bytes).
    Removing stm32f10x_sdio.o(i.SDIO_SetSDIOOperation), (12 bytes).
    Removing stm32f10x_sdio.o(i.SDIO_SetSDIOReadWaitMode), (12 bytes).
    Removing stm32f10x_sdio.o(i.SDIO_StartSDIOReadWait), (12 bytes).
    Removing stm32f10x_sdio.o(i.SDIO_StopSDIOReadWait), (12 bytes).
    Removing stm32f10x_sdio.o(i.SDIO_StructInit), (16 bytes).
    Removing stm32f10x_sdio.o(i.SDIO_WriteData), (12 bytes).
    Removing stm32f10x_dma.o(i.DMA_ClearFlag), (28 bytes).
    Removing stm32f10x_dma.o(i.DMA_ClearITPendingBit), (28 bytes).
    Removing stm32f10x_dma.o(i.DMA_Cmd), (24 bytes).
    Removing stm32f10x_dma.o(i.DMA_DeInit), (332 bytes).
    Removing stm32f10x_dma.o(i.DMA_GetCurrDataCounter), (8 bytes).
    Removing stm32f10x_dma.o(i.DMA_GetFlagStatus), (44 bytes).
    Removing stm32f10x_dma.o(i.DMA_GetITStatus), (44 bytes).
    Removing stm32f10x_dma.o(i.DMA_ITConfig), (18 bytes).
    Removing stm32f10x_dma.o(i.DMA_Init), (60 bytes).
    Removing stm32f10x_dma.o(i.DMA_SetCurrDataCounter), (4 bytes).
    Removing stm32f10x_dma.o(i.DMA_StructInit), (26 bytes).
    Removing stm32f10x_i2c.o(i.I2C_ARPCmd), (24 bytes).
    Removing stm32f10x_i2c.o(i.I2C_AcknowledgeConfig), (24 bytes).
    Removing stm32f10x_i2c.o(i.I2C_CalculatePEC), (24 bytes).
    Removing stm32f10x_i2c.o(i.I2C_CheckEvent), (42 bytes).
    Removing stm32f10x_i2c.o(i.I2C_ClearFlag), (12 bytes).
    Removing stm32f10x_i2c.o(i.I2C_ClearITPendingBit), (12 bytes).
    Removing stm32f10x_i2c.o(i.I2C_Cmd), (24 bytes).
    Removing stm32f10x_i2c.o(i.I2C_DMACmd), (24 bytes).
    Removing stm32f10x_i2c.o(i.I2C_DMALastTransferCmd), (24 bytes).
    Removing stm32f10x_i2c.o(i.I2C_DeInit), (56 bytes).
    Removing stm32f10x_i2c.o(i.I2C_DualAddressCmd), (24 bytes).
    Removing stm32f10x_i2c.o(i.I2C_FastModeDutyCycleConfig), (28 bytes).
    Removing stm32f10x_i2c.o(i.I2C_GeneralCallCmd), (24 bytes).
    Removing stm32f10x_i2c.o(i.I2C_GenerateSTART), (24 bytes).
    Removing stm32f10x_i2c.o(i.I2C_GenerateSTOP), (24 bytes).
    Removing stm32f10x_i2c.o(i.I2C_GetFlagStatus), (58 bytes).
    Removing stm32f10x_i2c.o(i.I2C_GetITStatus), (38 bytes).
    Removing stm32f10x_i2c.o(i.I2C_GetLastEvent), (26 bytes).
    Removing stm32f10x_i2c.o(i.I2C_GetPEC), (8 bytes).
    Removing stm32f10x_i2c.o(i.I2C_ITConfig), (18 bytes).
    Removing stm32f10x_i2c.o(i.I2C_Init), (236 bytes).
    Removing stm32f10x_i2c.o(i.I2C_NACKPositionConfig), (28 bytes).
    Removing stm32f10x_i2c.o(i.I2C_OwnAddress2Config), (22 bytes).
    Removing stm32f10x_i2c.o(i.I2C_PECPositionConfig), (28 bytes).
    Removing stm32f10x_i2c.o(i.I2C_ReadRegister), (22 bytes).
    Removing stm32f10x_i2c.o(i.I2C_ReceiveData), (8 bytes).
    Removing stm32f10x_i2c.o(i.I2C_SMBusAlertConfig), (28 bytes).
    Removing stm32f10x_i2c.o(i.I2C_Send7bitAddress), (18 bytes).
    Removing stm32f10x_i2c.o(i.I2C_SendData), (4 bytes).
    Removing stm32f10x_i2c.o(i.I2C_SoftwareResetCmd), (22 bytes).
    Removing stm32f10x_i2c.o(i.I2C_StretchClockCmd), (24 bytes).
    Removing stm32f10x_i2c.o(i.I2C_StructInit), (30 bytes).
    Removing stm32f10x_i2c.o(i.I2C_TransmitPEC), (24 bytes).
    Removing stm32f10x_adc.o(i.ADC_AnalogWatchdogCmd), (20 bytes).
    Removing stm32f10x_adc.o(i.ADC_AnalogWatchdogSingleChannelConfig), (16 bytes).
    Removing stm32f10x_adc.o(i.ADC_AnalogWatchdogThresholdsConfig), (6 bytes).
    Removing stm32f10x_adc.o(i.ADC_AutoInjectedConvCmd), (22 bytes).
    Removing stm32f10x_adc.o(i.ADC_ClearFlag), (6 bytes).
    Removing stm32f10x_adc.o(i.ADC_ClearITPendingBit), (10 bytes).
    Removing stm32f10x_adc.o(i.ADC_Cmd), (22 bytes).
    Removing stm32f10x_adc.o(i.ADC_DMACmd), (22 bytes).
    Removing stm32f10x_adc.o(i.ADC_DeInit), (92 bytes).
    Removing stm32f10x_adc.o(i.ADC_DiscModeChannelCountConfig), (24 bytes).
    Removing stm32f10x_adc.o(i.ADC_DiscModeCmd), (22 bytes).
    Removing stm32f10x_adc.o(i.ADC_ExternalTrigConvCmd), (22 bytes).
    Removing stm32f10x_adc.o(i.ADC_ExternalTrigInjectedConvCmd), (22 bytes).
    Removing stm32f10x_adc.o(i.ADC_ExternalTrigInjectedConvConfig), (16 bytes).
    Removing stm32f10x_adc.o(i.ADC_GetCalibrationStatus), (20 bytes).
    Removing stm32f10x_adc.o(i.ADC_GetConversionValue), (8 bytes).
    Removing stm32f10x_adc.o(i.ADC_GetDualModeConversionValue), (12 bytes).
    Removing stm32f10x_adc.o(i.ADC_GetFlagStatus), (18 bytes).
    Removing stm32f10x_adc.o(i.ADC_GetITStatus), (36 bytes).
    Removing stm32f10x_adc.o(i.ADC_GetInjectedConversionValue), (28 bytes).
    Removing stm32f10x_adc.o(i.ADC_GetResetCalibrationStatus), (20 bytes).
    Removing stm32f10x_adc.o(i.ADC_GetSoftwareStartConvStatus), (20 bytes).
    Removing stm32f10x_adc.o(i.ADC_GetSoftwareStartInjectedConvCmdStatus), (20 bytes).
    Removing stm32f10x_adc.o(i.ADC_ITConfig), (24 bytes).
    Removing stm32f10x_adc.o(i.ADC_Init), (80 bytes).
    Removing stm32f10x_adc.o(i.ADC_InjectedChannelConfig), (130 bytes).
    Removing stm32f10x_adc.o(i.ADC_InjectedDiscModeCmd), (22 bytes).
    Removing stm32f10x_adc.o(i.ADC_InjectedSequencerLengthConfig), (24 bytes).
    Removing stm32f10x_adc.o(i.ADC_RegularChannelConfig), (184 bytes).
    Removing stm32f10x_adc.o(i.ADC_ResetCalibration), (10 bytes).
    Removing stm32f10x_adc.o(i.ADC_SetInjectedOffset), (20 bytes).
    Removing stm32f10x_adc.o(i.ADC_SoftwareStartConvCmd), (22 bytes).
    Removing stm32f10x_adc.o(i.ADC_SoftwareStartInjectedConvCmd), (22 bytes).
    Removing stm32f10x_adc.o(i.ADC_StartCalibration), (10 bytes).
    Removing stm32f10x_adc.o(i.ADC_StructInit), (18 bytes).
    Removing stm32f10x_adc.o(i.ADC_TempSensorVrefintCmd), (36 bytes).
    Removing stm32f10x_bkp.o(i.BKP_ClearFlag), (20 bytes).
    Removing stm32f10x_bkp.o(i.BKP_ClearITPendingBit), (20 bytes).
    Removing stm32f10x_bkp.o(i.BKP_DeInit), (16 bytes).
    Removing stm32f10x_bkp.o(i.BKP_GetFlagStatus), (12 bytes).
    Removing stm32f10x_bkp.o(i.BKP_GetITStatus), (12 bytes).
    Removing stm32f10x_bkp.o(i.BKP_ITConfig), (12 bytes).
    Removing stm32f10x_bkp.o(i.BKP_RTCOutputConfig), (28 bytes).
    Removing stm32f10x_bkp.o(i.BKP_ReadBackupRegister), (28 bytes).
    Removing stm32f10x_bkp.o(i.BKP_SetRTCCalibrationValue), (28 bytes).
    Removing stm32f10x_bkp.o(i.BKP_TamperPinCmd), (12 bytes).
    Removing stm32f10x_bkp.o(i.BKP_TamperPinLevelConfig), (12 bytes).
    Removing stm32f10x_bkp.o(i.BKP_WriteBackupRegister), (28 bytes).
    Removing stm32f10x_can.o(i.CAN_CancelTransmit), (48 bytes).
    Removing stm32f10x_can.o(i.CAN_ClearFlag), (56 bytes).
    Removing stm32f10x_can.o(i.CAN_ClearITPendingBit), (168 bytes).
    Removing stm32f10x_can.o(i.CAN_DBGFreeze), (22 bytes).
    Removing stm32f10x_can.o(i.CAN_DeInit), (56 bytes).
    Removing stm32f10x_can.o(i.CAN_FIFORelease), (22 bytes).
    Removing stm32f10x_can.o(i.CAN_FilterInit), (264 bytes).
    Removing stm32f10x_can.o(i.CAN_GetFlagStatus), (120 bytes).
    Removing stm32f10x_can.o(i.CAN_GetITStatus), (288 bytes).
    Removing stm32f10x_can.o(i.CAN_GetLSBTransmitErrorCounter), (12 bytes).
    Removing stm32f10x_can.o(i.CAN_GetLastErrorCode), (12 bytes).
    Removing stm32f10x_can.o(i.CAN_GetReceiveErrorCounter), (10 bytes).
    Removing stm32f10x_can.o(i.CAN_ITConfig), (18 bytes).
    Removing stm32f10x_can.o(i.CAN_Init), (276 bytes).
    Removing stm32f10x_can.o(i.CAN_MessagePending), (30 bytes).
    Removing stm32f10x_can.o(i.CAN_OperatingModeRequest), (162 bytes).
    Removing stm32f10x_can.o(i.CAN_Receive), (240 bytes).
    Removing stm32f10x_can.o(i.CAN_SlaveStartBank), (52 bytes).
    Removing stm32f10x_can.o(i.CAN_Sleep), (30 bytes).
    Removing stm32f10x_can.o(i.CAN_StructInit), (32 bytes).
    Removing stm32f10x_can.o(i.CAN_TTComModeCmd), (118 bytes).
    Removing stm32f10x_can.o(i.CAN_Transmit), (294 bytes).
    Removing stm32f10x_can.o(i.CAN_TransmitStatus), (160 bytes).
    Removing stm32f10x_can.o(i.CAN_WakeUp), (48 bytes).
    Removing stm32f10x_can.o(i.CheckITStatus), (18 bytes).
    Removing stm32f10x_cec.o(i.CEC_ClearFlag), (36 bytes).
    Removing stm32f10x_cec.o(i.CEC_ClearITPendingBit), (36 bytes).
    Removing stm32f10x_cec.o(i.CEC_Cmd), (32 bytes).
    Removing stm32f10x_cec.o(i.CEC_DeInit), (22 bytes).
    Removing stm32f10x_cec.o(i.CEC_EndOfMessageCmd), (12 bytes).
    Removing stm32f10x_cec.o(i.CEC_GetFlagStatus), (48 bytes).
    Removing stm32f10x_cec.o(i.CEC_GetITStatus), (40 bytes).
    Removing stm32f10x_cec.o(i.CEC_ITConfig), (12 bytes).
    Removing stm32f10x_cec.o(i.CEC_Init), (32 bytes).
    Removing stm32f10x_cec.o(i.CEC_OwnAddressConfig), (12 bytes).
    Removing stm32f10x_cec.o(i.CEC_ReceiveDataByte), (12 bytes).
    Removing stm32f10x_cec.o(i.CEC_SendDataByte), (12 bytes).
    Removing stm32f10x_cec.o(i.CEC_SetPrescaler), (12 bytes).
    Removing stm32f10x_cec.o(i.CEC_StartOfMessage), (12 bytes).
    Removing stm32f10x_crc.o(i.CRC_CalcBlockCRC), (36 bytes).
    Removing stm32f10x_crc.o(i.CRC_CalcCRC), (16 bytes).
    Removing stm32f10x_crc.o(i.CRC_GetCRC), (12 bytes).
    Removing stm32f10x_crc.o(i.CRC_GetIDRegister), (12 bytes).
    Removing stm32f10x_crc.o(i.CRC_ResetDR), (12 bytes).
    Removing stm32f10x_crc.o(i.CRC_SetIDRegister), (12 bytes).
    Removing stm32f10x_dac.o(i.DAC_Cmd), (40 bytes).
    Removing stm32f10x_dac.o(i.DAC_DMACmd), (44 bytes).
    Removing stm32f10x_dac.o(i.DAC_DeInit), (22 bytes).
    Removing stm32f10x_dac.o(i.DAC_DualSoftwareTriggerCmd), (36 bytes).
    Removing stm32f10x_dac.o(i.DAC_GetDataOutputValue), (36 bytes).
    Removing stm32f10x_dac.o(i.DAC_Init), (52 bytes).
    Removing stm32f10x_dac.o(i.DAC_SetChannel1Data), (32 bytes).
    Removing stm32f10x_dac.o(i.DAC_SetChannel2Data), (32 bytes).
    Removing stm32f10x_dac.o(i.DAC_SetDualChannelData), (36 bytes).
    Removing stm32f10x_dac.o(i.DAC_SoftwareTriggerCmd), (44 bytes).
    Removing stm32f10x_dac.o(i.DAC_StructInit), (12 bytes).
    Removing stm32f10x_dac.o(i.DAC_WaveGenerationCmd), (40 bytes).
    Removing stm32f10x_dbgmcu.o(i.DBGMCU_Config), (32 bytes).
    Removing stm32f10x_dbgmcu.o(i.DBGMCU_GetDEVID), (16 bytes).
    Removing stm32f10x_dbgmcu.o(i.DBGMCU_GetREVID), (12 bytes).
    Removing stm32f10x_flash.o(i.FLASH_ClearFlag), (12 bytes).
    Removing stm32f10x_flash.o(i.FLASH_EnableWriteProtection), (196 bytes).
    Removing stm32f10x_flash.o(i.FLASH_EraseAllBank1Pages), (72 bytes).
    Removing stm32f10x_flash.o(i.FLASH_EraseAllPages), (72 bytes).
    Removing stm32f10x_flash.o(i.FLASH_EraseOptionBytes), (168 bytes).
    Removing stm32f10x_flash.o(i.FLASH_ErasePage), (76 bytes).
    Removing stm32f10x_flash.o(i.FLASH_GetBank1Status), (52 bytes).
    Removing stm32f10x_flash.o(i.FLASH_GetFlagStatus), (48 bytes).
    Removing stm32f10x_flash.o(i.FLASH_GetPrefetchBufferStatus), (24 bytes).
    Removing stm32f10x_flash.o(i.FLASH_GetReadOutProtectionStatus), (24 bytes).
    Removing stm32f10x_flash.o(i.FLASH_GetStatus), (52 bytes).
    Removing stm32f10x_flash.o(i.FLASH_GetUserOptionByte), (12 bytes).
    Removing stm32f10x_flash.o(i.FLASH_GetWriteProtectionOptionByte), (12 bytes).
    Removing stm32f10x_flash.o(i.FLASH_HalfCycleAccessCmd), (28 bytes).
    Removing stm32f10x_flash.o(i.FLASH_ITConfig), (32 bytes).
    Removing stm32f10x_flash.o(i.FLASH_Lock), (20 bytes).
    Removing stm32f10x_flash.o(i.FLASH_LockBank1), (20 bytes).
    Removing stm32f10x_flash.o(i.FLASH_PrefetchBufferCmd), (28 bytes).
    Removing stm32f10x_flash.o(i.FLASH_ProgramHalfWord), (64 bytes).
    Removing stm32f10x_flash.o(i.FLASH_ProgramOptionByteData), (84 bytes).
    Removing stm32f10x_flash.o(i.FLASH_ProgramWord), (108 bytes).
    Removing stm32f10x_flash.o(i.FLASH_ReadOutProtection), (172 bytes).
    Removing stm32f10x_flash.o(i.FLASH_SetLatency), (24 bytes).
    Removing stm32f10x_flash.o(i.FLASH_Unlock), (24 bytes).
    Removing stm32f10x_flash.o(i.FLASH_UnlockBank1), (24 bytes).
    Removing stm32f10x_flash.o(i.FLASH_UserOptionByteConfig), (104 bytes).
    Removing stm32f10x_flash.o(i.FLASH_WaitForLastBank1Operation), (38 bytes).
    Removing stm32f10x_flash.o(i.FLASH_WaitForLastOperation), (38 bytes).
    Removing stm32f10x_iwdg.o(i.IWDG_Enable), (16 bytes).
    Removing stm32f10x_iwdg.o(i.IWDG_GetFlagStatus), (24 bytes).
    Removing stm32f10x_iwdg.o(i.IWDG_ReloadCounter), (16 bytes).
    Removing stm32f10x_iwdg.o(i.IWDG_SetPrescaler), (12 bytes).
    Removing stm32f10x_iwdg.o(i.IWDG_SetReload), (12 bytes).
    Removing stm32f10x_iwdg.o(i.IWDG_WriteAccessCmd), (12 bytes).
    Removing stm32f10x_pwr.o(i.PWR_BackupAccessCmd), (12 bytes).
    Removing stm32f10x_pwr.o(i.PWR_ClearFlag), (20 bytes).
    Removing stm32f10x_pwr.o(i.PWR_DeInit), (22 bytes).
    Removing stm32f10x_pwr.o(i.PWR_EnterSTANDBYMode), (52 bytes).
    Removing stm32f10x_pwr.o(i.PWR_EnterSTOPMode), (64 bytes).
    Removing stm32f10x_pwr.o(i.PWR_GetFlagStatus), (24 bytes).
    Removing stm32f10x_pwr.o(i.PWR_PVDCmd), (12 bytes).
    Removing stm32f10x_pwr.o(i.PWR_PVDLevelConfig), (24 bytes).
    Removing stm32f10x_pwr.o(i.PWR_WakeUpPinCmd), (12 bytes).
    Removing stm32f10x_rtc.o(i.RTC_ClearFlag), (16 bytes).
    Removing stm32f10x_rtc.o(i.RTC_ClearITPendingBit), (16 bytes).
    Removing stm32f10x_rtc.o(i.RTC_EnterConfigMode), (20 bytes).
    Removing stm32f10x_rtc.o(i.RTC_ExitConfigMode), (20 bytes).
    Removing stm32f10x_rtc.o(i.RTC_GetCounter), (20 bytes).
    Removing stm32f10x_rtc.o(i.RTC_GetDivider), (24 bytes).
    Removing stm32f10x_rtc.o(i.RTC_GetFlagStatus), (24 bytes).
    Removing stm32f10x_rtc.o(i.RTC_GetITStatus), (36 bytes).
    Removing stm32f10x_rtc.o(i.RTC_ITConfig), (32 bytes).
    Removing stm32f10x_rtc.o(i.RTC_SetAlarm), (28 bytes).
    Removing stm32f10x_rtc.o(i.RTC_SetCounter), (28 bytes).
    Removing stm32f10x_rtc.o(i.RTC_SetPrescaler), (32 bytes).
    Removing stm32f10x_rtc.o(i.RTC_WaitForLastTask), (20 bytes).
    Removing stm32f10x_rtc.o(i.RTC_WaitForSynchro), (36 bytes).
    Removing stm32f10x_tim.o(i.TI1_Config), (128 bytes).
    Removing stm32f10x_tim.o(i.TI2_Config), (152 bytes).
    Removing stm32f10x_tim.o(i.TI3_Config), (144 bytes).
    Removing stm32f10x_tim.o(i.TI4_Config), (152 bytes).
    Removing stm32f10x_tim.o(i.TIM_ARRPreloadConfig), (24 bytes).
    Removing stm32f10x_tim.o(i.TIM_BDTRConfig), (32 bytes).
    Removing stm32f10x_tim.o(i.TIM_BDTRStructInit), (18 bytes).
    Removing stm32f10x_tim.o(i.TIM_CCPreloadControl), (24 bytes).
    Removing stm32f10x_tim.o(i.TIM_CCxCmd), (30 bytes).
    Removing stm32f10x_tim.o(i.TIM_CCxNCmd), (30 bytes).
    Removing stm32f10x_tim.o(i.TIM_ClearFlag), (6 bytes).
    Removing stm32f10x_tim.o(i.TIM_ClearOC1Ref), (18 bytes).
    Removing stm32f10x_tim.o(i.TIM_ClearOC2Ref), (24 bytes).
    Removing stm32f10x_tim.o(i.TIM_ClearOC3Ref), (18 bytes).
    Removing stm32f10x_tim.o(i.TIM_ClearOC4Ref), (24 bytes).
    Removing stm32f10x_tim.o(i.TIM_CounterModeConfig), (18 bytes).
    Removing stm32f10x_tim.o(i.TIM_CtrlPWMOutputs), (30 bytes).
    Removing stm32f10x_tim.o(i.TIM_DMACmd), (18 bytes).
    Removing stm32f10x_tim.o(i.TIM_DMAConfig), (10 bytes).
    Removing stm32f10x_tim.o(i.TIM_DeInit), (488 bytes).
    Removing stm32f10x_tim.o(i.TIM_ETRClockMode1Config), (54 bytes).
    Removing stm32f10x_tim.o(i.TIM_ETRClockMode2Config), (32 bytes).
    Removing stm32f10x_tim.o(i.TIM_ETRConfig), (28 bytes).
    Removing stm32f10x_tim.o(i.TIM_EncoderInterfaceConfig), (66 bytes).
    Removing stm32f10x_tim.o(i.TIM_ForcedOC1Config), (18 bytes).
    Removing stm32f10x_tim.o(i.TIM_ForcedOC2Config), (26 bytes).
    Removing stm32f10x_tim.o(i.TIM_ForcedOC3Config), (18 bytes).
    Removing stm32f10x_tim.o(i.TIM_ForcedOC4Config), (26 bytes).
    Removing stm32f10x_tim.o(i.TIM_GenerateEvent), (4 bytes).
    Removing stm32f10x_tim.o(i.TIM_GetCapture2), (6 bytes).
    Removing stm32f10x_tim.o(i.TIM_GetCapture3), (6 bytes).
    Removing stm32f10x_tim.o(i.TIM_GetCapture4), (8 bytes).
    Removing stm32f10x_tim.o(i.TIM_GetCounter), (6 bytes).
    Removing stm32f10x_tim.o(i.TIM_GetFlagStatus), (18 bytes).
    Removing stm32f10x_tim.o(i.TIM_GetPrescaler), (6 bytes).
    Removing stm32f10x_tim.o(i.TIM_ICInit), (172 bytes).
    Removing stm32f10x_tim.o(i.TIM_ICStructInit), (18 bytes).
    Removing stm32f10x_tim.o(i.TIM_ITRxExternalClockConfig), (24 bytes).
    Removing stm32f10x_tim.o(i.TIM_InternalClockConfig), (12 bytes).
    Removing stm32f10x_tim.o(i.TIM_OC1FastConfig), (18 bytes).
    Removing stm32f10x_tim.o(i.TIM_OC1NPolarityConfig), (18 bytes).
    Removing stm32f10x_tim.o(i.TIM_OC1PolarityConfig), (18 bytes).
    Removing stm32f10x_tim.o(i.TIM_OC2FastConfig), (26 bytes).
    Removing stm32f10x_tim.o(i.TIM_OC2Init), (164 bytes).
    Removing stm32f10x_tim.o(i.TIM_OC2NPolarityConfig), (26 bytes).
    Removing stm32f10x_tim.o(i.TIM_OC2PolarityConfig), (26 bytes).
    Removing stm32f10x_tim.o(i.TIM_OC2PreloadConfig), (26 bytes).
    Removing stm32f10x_tim.o(i.TIM_OC3FastConfig), (18 bytes).
    Removing stm32f10x_tim.o(i.TIM_OC3Init), (160 bytes).
    Removing stm32f10x_tim.o(i.TIM_OC3NPolarityConfig), (26 bytes).
    Removing stm32f10x_tim.o(i.TIM_OC3PolarityConfig), (26 bytes).
    Removing stm32f10x_tim.o(i.TIM_OC3PreloadConfig), (18 bytes).
    Removing stm32f10x_tim.o(i.TIM_OC4FastConfig), (26 bytes).
    Removing stm32f10x_tim.o(i.TIM_OC4Init), (124 bytes).
    Removing stm32f10x_tim.o(i.TIM_OC4PolarityConfig), (26 bytes).
    Removing stm32f10x_tim.o(i.TIM_OC4PreloadConfig), (26 bytes).
    Removing stm32f10x_tim.o(i.TIM_OCStructInit), (20 bytes).
    Removing stm32f10x_tim.o(i.TIM_PWMIConfig), (124 bytes).
    Removing stm32f10x_tim.o(i.TIM_SelectCCDMA), (24 bytes).
    Removing stm32f10x_tim.o(i.TIM_SelectCOM), (24 bytes).
    Removing stm32f10x_tim.o(i.TIM_SelectHallSensor), (24 bytes).
    Removing stm32f10x_tim.o(i.TIM_SelectInputTrigger), (18 bytes).
    Removing stm32f10x_tim.o(i.TIM_SelectMasterSlaveMode), (18 bytes).
    Removing stm32f10x_tim.o(i.TIM_SelectOCxM), (82 bytes).
    Removing stm32f10x_tim.o(i.TIM_SelectOnePulseMode), (18 bytes).
    Removing stm32f10x_tim.o(i.TIM_SelectOutputTrigger), (18 bytes).
    Removing stm32f10x_tim.o(i.TIM_SelectSlaveMode), (18 bytes).
    Removing stm32f10x_tim.o(i.TIM_SetAutoreload), (4 bytes).
    Removing stm32f10x_tim.o(i.TIM_SetClockDivision), (18 bytes).
    Removing stm32f10x_tim.o(i.TIM_SetCompare2), (4 bytes).
    Removing stm32f10x_tim.o(i.TIM_SetCompare3), (4 bytes).
    Removing stm32f10x_tim.o(i.TIM_SetCompare4), (6 bytes).
    Removing stm32f10x_tim.o(i.TIM_SetCounter), (4 bytes).
    Removing stm32f10x_tim.o(i.TIM_SetIC1Prescaler), (18 bytes).
    Removing stm32f10x_tim.o(i.TIM_SetIC2Prescaler), (26 bytes).
    Removing stm32f10x_tim.o(i.TIM_SetIC3Prescaler), (18 bytes).
    Removing stm32f10x_tim.o(i.TIM_SetIC4Prescaler), (26 bytes).
    Removing stm32f10x_tim.o(i.TIM_TIxExternalClockConfig), (62 bytes).
    Removing stm32f10x_tim.o(i.TIM_TimeBaseStructInit), (18 bytes).
    Removing stm32f10x_tim.o(i.TIM_UpdateDisableConfig), (24 bytes).
    Removing stm32f10x_tim.o(i.TIM_UpdateRequestConfig), (24 bytes).
    Removing stm32f10x_wwdg.o(i.WWDG_ClearFlag), (12 bytes).
    Removing stm32f10x_wwdg.o(i.WWDG_DeInit), (22 bytes).
    Removing stm32f10x_wwdg.o(i.WWDG_Enable), (16 bytes).
    Removing stm32f10x_wwdg.o(i.WWDG_EnableIT), (12 bytes).
    Removing stm32f10x_wwdg.o(i.WWDG_GetFlagStatus), (12 bytes).
    Removing stm32f10x_wwdg.o(i.WWDG_SetCounter), (16 bytes).
    Removing stm32f10x_wwdg.o(i.WWDG_SetPrescaler), (24 bytes).
    Removing stm32f10x_wwdg.o(i.WWDG_SetWindowValue), (40 bytes).
    Removing core_cm3.o(.emb_text), (32 bytes).
    Removing system_stm32f10x.o(i.SystemCoreClockUpdate), (164 bytes).
    Removing stm32_eval.o(i.LM75_LowLevel_DeInit), (84 bytes).
    Removing stm32_eval.o(i.LM75_LowLevel_Init), (84 bytes).
    Removing stm32_eval.o(i.SD_DMAEndOfTransferStatus), (16 bytes).
    Removing stm32_eval.o(i.SD_LowLevel_DMA_RxConfig), (100 bytes).
    Removing stm32_eval.o(i.SD_LowLevel_DMA_TxConfig), (100 bytes).
    Removing stm32_eval.o(i.SD_LowLevel_DeInit), (76 bytes).
    Removing stm32_eval.o(i.SD_LowLevel_Init), (104 bytes).
    Removing stm32_eval.o(i.STM_EVAL_COMInit), (180 bytes).
    Removing stm32_eval.o(i.STM_EVAL_LEDInit), (64 bytes).
    Removing stm32_eval.o(i.STM_EVAL_LEDOff), (24 bytes).
    Removing stm32_eval.o(i.STM_EVAL_LEDOn), (24 bytes).
    Removing stm32_eval.o(i.STM_EVAL_LEDToggle), (36 bytes).
    Removing stm32_eval.o(i.STM_EVAL_PBGetState), (32 bytes).
    Removing stm32_eval.o(i.STM_EVAL_PBInit), (176 bytes).
    Removing stm32_eval.o(i.sFLASH_LowLevel_DeInit), (104 bytes).
    Removing stm32_eval.o(i.sFLASH_LowLevel_Init), (108 bytes).
    Removing stm32_eval.o(.constdata), (168 bytes).
    Removing stm32_eval.o(.data), (72 bytes).
    Removing stm32_eval_i2c_tsensor.o(i.LM75_DMA_Config), (112 bytes).
    Removing stm32_eval_i2c_tsensor.o(i.LM75_DeInit), (8 bytes).
    Removing stm32_eval_i2c_tsensor.o(i.LM75_GetStatus), (124 bytes).
    Removing stm32_eval_i2c_tsensor.o(i.LM75_Init), (88 bytes).
    Removing stm32_eval_i2c_tsensor.o(i.LM75_ReadConfReg), (428 bytes).
    Removing stm32_eval_i2c_tsensor.o(i.LM75_ReadReg), (444 bytes).
    Removing stm32_eval_i2c_tsensor.o(i.LM75_ReadTemp), (440 bytes).
    Removing stm32_eval_i2c_tsensor.o(i.LM75_ShutDown), (796 bytes).
    Removing stm32_eval_i2c_tsensor.o(i.LM75_WriteConfReg), (364 bytes).
    Removing stm32_eval_i2c_tsensor.o(i.LM75_WriteReg), (376 bytes).
    Removing stm32_eval_i2c_tsensor.o(.data), (4 bytes).
    Removing stm32_eval_sdio_sd.o(i.CmdError), (44 bytes).
    Removing stm32_eval_sdio_sd.o(i.CmdResp1Error), (40 bytes).
    Removing stm32_eval_sdio_sd.o(i.CmdResp2Error), (76 bytes).
    Removing stm32_eval_sdio_sd.o(i.CmdResp3Error), (56 bytes).
    Removing stm32_eval_sdio_sd.o(i.CmdResp6Error), (156 bytes).
    Removing stm32_eval_sdio_sd.o(i.CmdResp7Error), (76 bytes).
    Removing stm32_eval_sdio_sd.o(i.FindSCR), (404 bytes).
    Removing stm32_eval_sdio_sd.o(i.IsCardProgramming), (412 bytes).
    Removing stm32_eval_sdio_sd.o(i.SDEnWideBus), (284 bytes).
    Removing stm32_eval_sdio_sd.o(i.SD_DeInit), (8 bytes).
    Removing stm32_eval_sdio_sd.o(i.SD_Detect), (32 bytes).
    Removing stm32_eval_sdio_sd.o(i.SD_EnableWideBusOperation), (144 bytes).
    Removing stm32_eval_sdio_sd.o(i.SD_Erase), (312 bytes).
    Removing stm32_eval_sdio_sd.o(i.SD_GetCardInfo), (716 bytes).
    Removing stm32_eval_sdio_sd.o(i.SD_GetCardStatus), (160 bytes).
    Removing stm32_eval_sdio_sd.o(i.SD_GetState), (38 bytes).
    Removing stm32_eval_sdio_sd.o(i.SD_GetStatus), (30 bytes).
    Removing stm32_eval_sdio_sd.o(i.SD_GetTransferState), (24 bytes).
    Removing stm32_eval_sdio_sd.o(i.SD_Init), (108 bytes).
    Removing stm32_eval_sdio_sd.o(i.SD_InitializeCards), (316 bytes).
    Removing stm32_eval_sdio_sd.o(i.SD_PowerOFF), (14 bytes).
    Removing stm32_eval_sdio_sd.o(i.SD_PowerON), (392 bytes).
    Removing stm32_eval_sdio_sd.o(i.SD_ProcessIRQSrc), (88 bytes).
    Removing stm32_eval_sdio_sd.o(i.SD_ReadBlock), (176 bytes).
    Removing stm32_eval_sdio_sd.o(i.SD_ReadMultiBlocks), (232 bytes).
    Removing stm32_eval_sdio_sd.o(i.SD_SelectDeselect), (52 bytes).
    Removing stm32_eval_sdio_sd.o(i.SD_SendSDStatus), (376 bytes).
    Removing stm32_eval_sdio_sd.o(i.SD_SendStatus), (56 bytes).
    Removing stm32_eval_sdio_sd.o(i.SD_StopTransfer), (32 bytes).
    Removing stm32_eval_sdio_sd.o(i.SD_WaitReadOperation), (52 bytes).
    Removing stm32_eval_sdio_sd.o(i.SD_WaitWriteOperation), (60 bytes).
    Removing stm32_eval_sdio_sd.o(i.SD_WriteBlock), (176 bytes).
    Removing stm32_eval_sdio_sd.o(i.SD_WriteMultiBlocks), (284 bytes).
    Removing stm32_eval_sdio_sd.o(i.convert_from_bytes_to_power_of_two), (18 bytes).
    Removing stm32_eval_sdio_sd.o(.bss), (196 bytes).
    Removing stm32_eval_sdio_sd.o(.data), (20 bytes).
    Removing stm32_eval_spi_flash.o(i.sFLASH_DeInit), (8 bytes).
    Removing stm32_eval_spi_flash.o(i.sFLASH_EraseBulk), (40 bytes).
    Removing stm32_eval_spi_flash.o(i.sFLASH_EraseSector), (64 bytes).
    Removing stm32_eval_spi_flash.o(i.sFLASH_Init), (100 bytes).
    Removing stm32_eval_spi_flash.o(i.sFLASH_ReadBuffer), (80 bytes).
    Removing stm32_eval_spi_flash.o(i.sFLASH_ReadByte), (10 bytes).
    Removing stm32_eval_spi_flash.o(i.sFLASH_ReadID), (80 bytes).
    Removing stm32_eval_spi_flash.o(i.sFLASH_SendByte), (56 bytes).
    Removing stm32_eval_spi_flash.o(i.sFLASH_SendHalfWord), (52 bytes).
    Removing stm32_eval_spi_flash.o(i.sFLASH_StartReadSequence), (48 bytes).
    Removing stm32_eval_spi_flash.o(i.sFLASH_WaitForWriteEnd), (52 bytes).
    Removing stm32_eval_spi_flash.o(i.sFLASH_WriteBuffer), (290 bytes).
    Removing stm32_eval_spi_flash.o(i.sFLASH_WriteEnable), (32 bytes).
    Removing stm32_eval_spi_flash.o(i.sFLASH_WritePage), (88 bytes).
    Removing stm3210e_eval_lcd.o(i.LCD_Clear), (40 bytes).
    Removing stm3210e_eval_lcd.o(i.LCD_ClearLine), (52 bytes).
    Removing stm3210e_eval_lcd.o(i.LCD_ClosedPolyLine), (48 bytes).
    Removing stm3210e_eval_lcd.o(i.LCD_ClosedPolyLineRelative), (18 bytes).
    Removing stm3210e_eval_lcd.o(i.LCD_CtrlLinesConfig), (112 bytes).
    Removing stm3210e_eval_lcd.o(i.LCD_DeInit), (108 bytes).
    Removing stm3210e_eval_lcd.o(i.LCD_DisplayChar), (48 bytes).
    Removing stm3210e_eval_lcd.o(i.LCD_DisplayOff), (12 bytes).
    Removing stm3210e_eval_lcd.o(i.LCD_DisplayOn), (14 bytes).
    Removing stm3210e_eval_lcd.o(i.LCD_DisplayStringLine), (76 bytes).
    Removing stm3210e_eval_lcd.o(i.LCD_DrawChar), (172 bytes).
    Removing stm3210e_eval_lcd.o(i.LCD_DrawCircle), (256 bytes).
    Removing stm3210e_eval_lcd.o(i.LCD_DrawFullCircle), (172 bytes).
    Removing stm3210e_eval_lcd.o(i.LCD_DrawFullRect), (140 bytes).
    Removing stm3210e_eval_lcd.o(i.LCD_DrawLine), (92 bytes).
    Removing stm3210e_eval_lcd.o(i.LCD_DrawMonoPict), (84 bytes).
    Removing stm3210e_eval_lcd.o(i.LCD_DrawRect), (66 bytes).
    Removing stm3210e_eval_lcd.o(i.LCD_DrawUniLine), (286 bytes).
    Removing stm3210e_eval_lcd.o(i.LCD_FSMCConfig), (90 bytes).
    Removing stm3210e_eval_lcd.o(i.LCD_FillPolyLine), (596 bytes).
    Removing stm3210e_eval_lcd.o(i.LCD_GetColors), (24 bytes).
    Removing stm3210e_eval_lcd.o(i.LCD_GetFont), (12 bytes).
    Removing stm3210e_eval_lcd.o(i.LCD_PolyLine), (68 bytes).
    Removing stm3210e_eval_lcd.o(i.LCD_PolyLineRelative), (18 bytes).
    Removing stm3210e_eval_lcd.o(i.LCD_PolyLineRelativeClosed), (118 bytes).
    Removing stm3210e_eval_lcd.o(i.LCD_PowerOn), (118 bytes).
    Removing stm3210e_eval_lcd.o(i.LCD_ReadRAM), (14 bytes).
    Removing stm3210e_eval_lcd.o(i.LCD_ReadReg), (12 bytes).
    Removing stm3210e_eval_lcd.o(i.LCD_SetBackColor), (16 bytes).
    Removing stm3210e_eval_lcd.o(i.LCD_SetColors), (28 bytes).
    Removing stm3210e_eval_lcd.o(i.LCD_SetCursor), (24 bytes).
    Removing stm3210e_eval_lcd.o(i.LCD_SetDisplayWindow), (88 bytes).
    Removing stm3210e_eval_lcd.o(i.LCD_SetFont), (12 bytes).
    Removing stm3210e_eval_lcd.o(i.LCD_SetTextColor), (16 bytes).
    Removing stm3210e_eval_lcd.o(i.LCD_WindowModeDisable), (28 bytes).
    Removing stm3210e_eval_lcd.o(i.LCD_WriteBMP), (74 bytes).
    Removing stm3210e_eval_lcd.o(i.LCD_WriteRAM), (8 bytes).
    Removing stm3210e_eval_lcd.o(i.LCD_WriteRAM_Prepare), (10 bytes).
    Removing stm3210e_eval_lcd.o(i.LCD_WriteReg), (10 bytes).
    Removing stm3210e_eval_lcd.o(i.PutPixel), (42 bytes).
    Removing stm3210e_eval_lcd.o(i.STM3210E_LCD_Init), (1108 bytes).
    Removing stm3210e_eval_lcd.o(i.delay), (36 bytes).
    Removing stm3210e_eval_lcd.o(.constdata), (10704 bytes).
    Removing stm3210e_eval_lcd.o(.data), (40 bytes).
    Removing stm3210e_eval_fsmc_sram.o(i.SRAM_Init), (248 bytes).
    Removing stm3210e_eval_fsmc_sram.o(i.SRAM_ReadBuffer), (22 bytes).
    Removing stm3210e_eval_fsmc_sram.o(i.SRAM_WriteBuffer), (24 bytes).
    Removing stm3210e_eval_fsmc_nand.o(i.NAND_AddressIncrement), (56 bytes).
    Removing stm3210e_eval_fsmc_nand.o(i.NAND_EraseBlock), (104 bytes).
    Removing stm3210e_eval_fsmc_nand.o(i.NAND_GetStatus), (42 bytes).
    Removing stm3210e_eval_fsmc_nand.o(i.NAND_Init), (176 bytes).
    Removing stm3210e_eval_fsmc_nand.o(i.NAND_ReadID), (44 bytes).
    Removing stm3210e_eval_fsmc_nand.o(i.NAND_ReadSmallPage), (176 bytes).
    Removing stm3210e_eval_fsmc_nand.o(i.NAND_ReadSpareArea), (180 bytes).
    Removing stm3210e_eval_fsmc_nand.o(i.NAND_ReadStatus), (44 bytes).
    Removing stm3210e_eval_fsmc_nand.o(i.NAND_Reset), (16 bytes).
    Removing stm3210e_eval_fsmc_nand.o(i.NAND_WriteSmallPage), (200 bytes).
    Removing stm3210e_eval_fsmc_nand.o(i.NAND_WriteSpareArea), (200 bytes).
    Removing stm3210e_eval_fsmc_nor.o(i.NOR_EraseBlock), (60 bytes).
    Removing stm3210e_eval_fsmc_nor.o(i.NOR_EraseChip), (56 bytes).
    Removing stm3210e_eval_fsmc_nor.o(i.NOR_GetStatus), (156 bytes).
    Removing stm3210e_eval_fsmc_nor.o(i.NOR_Init), (276 bytes).
    Removing stm3210e_eval_fsmc_nor.o(i.NOR_ProgramBuffer), (116 bytes).
    Removing stm3210e_eval_fsmc_nor.o(i.NOR_ReadBuffer), (52 bytes).
    Removing stm3210e_eval_fsmc_nor.o(i.NOR_ReadHalfWord), (36 bytes).
    Removing stm3210e_eval_fsmc_nor.o(i.NOR_ReadID), (60 bytes).
    Removing stm3210e_eval_fsmc_nor.o(i.NOR_Reset), (32 bytes).
    Removing stm3210e_eval_fsmc_nor.o(i.NOR_ReturnToReadMode), (12 bytes).
    Removing stm3210e_eval_fsmc_nor.o(i.NOR_WriteBuffer), (42 bytes).
    Removing stm3210e_eval_fsmc_nor.o(i.NOR_WriteHalfWord), (48 bytes).
    Removing startup_stm32f10x_hd.o(HEAP), (512 bytes).
    Removing tim.o(i.TIM3Init), (188 bytes).
    Removing tim.o(i.TIM4Init), (2 bytes).
    Removing tim.o(i.myDelay_ms), (28 bytes).
    Removing uart.o(i.UART1Init), (164 bytes).
    Removing uart.o(i.UART4Init), (172 bytes).
    Removing uart.o(i.UART5Init), (172 bytes).
    Removing spi.o(i.SPI1Init), (400 bytes).
    Removing spi.o(i.SPI2Init), (292 bytes).
    Removing uartcontrol.o(i.wifiTxHandle), (232 bytes).
    Removing dflti.o(.text), (34 bytes).
    Removing dfltui.o(.text), (26 bytes).
    Removing cdcmple.o(.text), (48 bytes).
    Removing cdrcmple.o(.text), (48 bytes).
    Removing depilogue.o(.text), (186 bytes).

608 unused section(s) (total 49153 bytes) removed from the image.

==============================================================================

Image Symbol Table

    Local Symbols

    Symbol Name                              Value     Ov Type        Size  Object(Section)

    ../clib/microlib/init/entry.s            0x00000000   Number         0  entry10a.o ABSOLUTE
    ../clib/microlib/init/entry.s            0x00000000   Number         0  entry9a.o ABSOLUTE
    ../clib/microlib/init/entry.s            0x00000000   Number         0  entry8b.o ABSOLUTE
    ../clib/microlib/init/entry.s            0x00000000   Number         0  entry8a.o ABSOLUTE
    ../clib/microlib/init/entry.s            0x00000000   Number         0  entry7b.o ABSOLUTE
    ../clib/microlib/init/entry.s            0x00000000   Number         0  entry.o ABSOLUTE
    ../clib/microlib/init/entry.s            0x00000000   Number         0  entry11b.o ABSOLUTE
    ../clib/microlib/init/entry.s            0x00000000   Number         0  entry11a.o ABSOLUTE
    ../clib/microlib/init/entry.s            0x00000000   Number         0  entry10b.o ABSOLUTE
    ../clib/microlib/init/entry.s            0x00000000   Number         0  entry2.o ABSOLUTE
    ../clib/microlib/init/entry.s            0x00000000   Number         0  entry7a.o ABSOLUTE
    ../clib/microlib/init/entry.s            0x00000000   Number         0  entry9b.o ABSOLUTE
    ../clib/microlib/init/entry.s            0x00000000   Number         0  entry5.o ABSOLUTE
    ../clib/microlib/longlong.c              0x00000000   Number         0  llushr.o ABSOLUTE
    ../clib/microlib/longlong.c              0x00000000   Number         0  llshl.o ABSOLUTE
    ../clib/microlib/string/memset.c         0x00000000   Number         0  memseta.o ABSOLUTE
    ../clib/microlib/stubs.s                 0x00000000   Number         0  iusefp.o ABSOLUTE
    ../fplib/microlib/fpepilogue.c           0x00000000   Number         0  depilogue.o ABSOLUTE
    ../fplib/microlib/fpflt.c                0x00000000   Number         0  dflti.o ABSOLUTE
    ../fplib/microlib/fpflt.c                0x00000000   Number         0  dfltui.o ABSOLUTE
    ..\..\..\Libraries\CMSIS\CM3\CoreSupport\core_cm3.c 0x00000000   Number         0  core_cm3.o ABSOLUTE
    ..\..\..\Libraries\CMSIS\CM3\DeviceSupport\ST\STM32F10x\startup\arm\startup_stm32f10x_hd.s 0x00000000   Number         0  startup_stm32f10x_hd.o ABSOLUTE
    ..\..\..\Libraries\STM32F10x_StdPeriph_Driver\src\misc.c 0x00000000   Number         0  misc.o ABSOLUTE
    ..\..\..\Libraries\STM32F10x_StdPeriph_Driver\src\stm32f10x_adc.c 0x00000000   Number         0  stm32f10x_adc.o ABSOLUTE
    ..\..\..\Libraries\STM32F10x_StdPeriph_Driver\src\stm32f10x_bkp.c 0x00000000   Number         0  stm32f10x_bkp.o ABSOLUTE
    ..\..\..\Libraries\STM32F10x_StdPeriph_Driver\src\stm32f10x_can.c 0x00000000   Number         0  stm32f10x_can.o ABSOLUTE
    ..\..\..\Libraries\STM32F10x_StdPeriph_Driver\src\stm32f10x_cec.c 0x00000000   Number         0  stm32f10x_cec.o ABSOLUTE
    ..\..\..\Libraries\STM32F10x_StdPeriph_Driver\src\stm32f10x_crc.c 0x00000000   Number         0  stm32f10x_crc.o ABSOLUTE
    ..\..\..\Libraries\STM32F10x_StdPeriph_Driver\src\stm32f10x_dac.c 0x00000000   Number         0  stm32f10x_dac.o ABSOLUTE
    ..\..\..\Libraries\STM32F10x_StdPeriph_Driver\src\stm32f10x_dbgmcu.c 0x00000000   Number         0  stm32f10x_dbgmcu.o ABSOLUTE
    ..\..\..\Libraries\STM32F10x_StdPeriph_Driver\src\stm32f10x_dma.c 0x00000000   Number         0  stm32f10x_dma.o ABSOLUTE
    ..\..\..\Libraries\STM32F10x_StdPeriph_Driver\src\stm32f10x_exti.c 0x00000000   Number         0  stm32f10x_exti.o ABSOLUTE
    ..\..\..\Libraries\STM32F10x_StdPeriph_Driver\src\stm32f10x_flash.c 0x00000000   Number         0  stm32f10x_flash.o ABSOLUTE
    ..\..\..\Libraries\STM32F10x_StdPeriph_Driver\src\stm32f10x_fsmc.c 0x00000000   Number         0  stm32f10x_fsmc.o ABSOLUTE
    ..\..\..\Libraries\STM32F10x_StdPeriph_Driver\src\stm32f10x_gpio.c 0x00000000   Number         0  stm32f10x_gpio.o ABSOLUTE
    ..\..\..\Libraries\STM32F10x_StdPeriph_Driver\src\stm32f10x_i2c.c 0x00000000   Number         0  stm32f10x_i2c.o ABSOLUTE
    ..\..\..\Libraries\STM32F10x_StdPeriph_Driver\src\stm32f10x_iwdg.c 0x00000000   Number         0  stm32f10x_iwdg.o ABSOLUTE
    ..\..\..\Libraries\STM32F10x_StdPeriph_Driver\src\stm32f10x_pwr.c 0x00000000   Number         0  stm32f10x_pwr.o ABSOLUTE
    ..\..\..\Libraries\STM32F10x_StdPeriph_Driver\src\stm32f10x_rcc.c 0x00000000   Number         0  stm32f10x_rcc.o ABSOLUTE
    ..\..\..\Libraries\STM32F10x_StdPeriph_Driver\src\stm32f10x_rtc.c 0x00000000   Number         0  stm32f10x_rtc.o ABSOLUTE
    ..\..\..\Libraries\STM32F10x_StdPeriph_Driver\src\stm32f10x_sdio.c 0x00000000   Number         0  stm32f10x_sdio.o ABSOLUTE
    ..\..\..\Libraries\STM32F10x_StdPeriph_Driver\src\stm32f10x_spi.c 0x00000000   Number         0  stm32f10x_spi.o ABSOLUTE
    ..\..\..\Libraries\STM32F10x_StdPeriph_Driver\src\stm32f10x_tim.c 0x00000000   Number         0  stm32f10x_tim.o ABSOLUTE
    ..\..\..\Libraries\STM32F10x_StdPeriph_Driver\src\stm32f10x_usart.c 0x00000000   Number         0  stm32f10x_usart.o ABSOLUTE
    ..\..\..\Libraries\STM32F10x_StdPeriph_Driver\src\stm32f10x_wwdg.c 0x00000000   Number         0  stm32f10x_wwdg.o ABSOLUTE
    ..\..\..\Utilities\STM32_EVAL\Common\stm32_eval_i2c_tsensor.c 0x00000000   Number         0  stm32_eval_i2c_tsensor.o ABSOLUTE
    ..\..\..\Utilities\STM32_EVAL\Common\stm32_eval_sdio_sd.c 0x00000000   Number         0  stm32_eval_sdio_sd.o ABSOLUTE
    ..\..\..\Utilities\STM32_EVAL\Common\stm32_eval_spi_flash.c 0x00000000   Number         0  stm32_eval_spi_flash.o ABSOLUTE
    ..\..\..\Utilities\STM32_EVAL\STM3210E_EVAL\stm3210e_eval_fsmc_nand.c 0x00000000   Number         0  stm3210e_eval_fsmc_nand.o ABSOLUTE
    ..\..\..\Utilities\STM32_EVAL\STM3210E_EVAL\stm3210e_eval_fsmc_nor.c 0x00000000   Number         0  stm3210e_eval_fsmc_nor.o ABSOLUTE
    ..\..\..\Utilities\STM32_EVAL\STM3210E_EVAL\stm3210e_eval_fsmc_sram.c 0x00000000   Number         0  stm3210e_eval_fsmc_sram.o ABSOLUTE
    ..\..\..\Utilities\STM32_EVAL\STM3210E_EVAL\stm3210e_eval_lcd.c 0x00000000   Number         0  stm3210e_eval_lcd.o ABSOLUTE
    ..\..\..\Utilities\STM32_EVAL\stm32_eval.c 0x00000000   Number         0  stm32_eval.o ABSOLUTE
    ..\Function\UARTControl.c                0x00000000   Number         0  uartcontrol.o ABSOLUTE
    ..\Function\UARTHandle.c                 0x00000000   Number         0  uarthandle.o ABSOLUTE
    ..\Hardware\INOUT.c                      0x00000000   Number         0  inout.o ABSOLUTE
    ..\Hardware\SPI.c                        0x00000000   Number         0  spi.o ABSOLUTE
    ..\Hardware\TIM.c                        0x00000000   Number         0  tim.o ABSOLUTE
    ..\Hardware\UART.c                       0x00000000   Number         0  uart.o ABSOLUTE
    ..\\..\\..\\Libraries\\CMSIS\\CM3\\CoreSupport\\core_cm3.c 0x00000000   Number         0  core_cm3.o ABSOLUTE
    ..\main.c                                0x00000000   Number         0  main.o ABSOLUTE
    ..\stm32f10x_it.c                        0x00000000   Number         0  stm32f10x_it.o ABSOLUTE
    ..\system_stm32f10x.c                    0x00000000   Number         0  system_stm32f10x.o ABSOLUTE
    cdcmple.s                                0x00000000   Number         0  cdcmple.o ABSOLUTE
    cdrcmple.s                               0x00000000   Number         0  cdrcmple.o ABSOLUTE
    dc.s                                     0x00000000   Number         0  dc.o ABSOLUTE
    handlers.s                               0x00000000   Number         0  handlers.o ABSOLUTE
    init.s                                   0x00000000   Number         0  init.o ABSOLUTE
    RESET                                    0x08000000   Section      304  startup_stm32f10x_hd.o(RESET)
    .ARM.Collect$$$$00000000                 0x08000130   Section        0  entry.o(.ARM.Collect$$$$00000000)
    .ARM.Collect$$$$00000001                 0x08000130   Section        4  entry2.o(.ARM.Collect$$$$00000001)
    .ARM.Collect$$$$00000004                 0x08000134   Section        4  entry5.o(.ARM.Collect$$$$00000004)
    .ARM.Collect$$$$00000008                 0x08000138   Section        0  entry7b.o(.ARM.Collect$$$$00000008)
    .ARM.Collect$$$$0000000A                 0x08000138   Section        0  entry8b.o(.ARM.Collect$$$$0000000A)
    .ARM.Collect$$$$0000000B                 0x08000138   Section        8  entry9a.o(.ARM.Collect$$$$0000000B)
    .ARM.Collect$$$$0000000D                 0x08000140   Section        0  entry10a.o(.ARM.Collect$$$$0000000D)
    .ARM.Collect$$$$0000000F                 0x08000140   Section        0  entry11a.o(.ARM.Collect$$$$0000000F)
    .ARM.Collect$$$$00002712                 0x08000140   Section        4  entry2.o(.ARM.Collect$$$$00002712)
    __lit__00000000                          0x08000140   Data           4  entry2.o(.ARM.Collect$$$$00002712)
    .text                                    0x08000144   Section       36  startup_stm32f10x_hd.o(.text)
    .text                                    0x08000168   Section        0  memseta.o(.text)
    .text                                    0x0800018c   Section       36  init.o(.text)
    i.BusFault_Handler                       0x080001b0   Section        0  stm32f10x_it.o(i.BusFault_Handler)
    i.DebugMon_Handler                       0x080001b4   Section        0  stm32f10x_it.o(i.DebugMon_Handler)
    i.GPIO_Init                              0x080001b6   Section        0  stm32f10x_gpio.o(i.GPIO_Init)
    i.GPIO_ReadOutputDataBit                 0x080002cc   Section        0  stm32f10x_gpio.o(i.GPIO_ReadOutputDataBit)
    i.GPIO_ResetBits                         0x080002de   Section        0  stm32f10x_gpio.o(i.GPIO_ResetBits)
    i.GPIO_SetBits                           0x080002e2   Section        0  stm32f10x_gpio.o(i.GPIO_SetBits)
    i.GPIO_WriteBit                          0x080002e6   Section        0  stm32f10x_gpio.o(i.GPIO_WriteBit)
    i.HardFault_Handler                      0x080002f0   Section        0  stm32f10x_it.o(i.HardFault_Handler)
    i.MemManage_Handler                      0x080002f4   Section        0  stm32f10x_it.o(i.MemManage_Handler)
    i.NMI_Handler                            0x080002f8   Section        0  stm32f10x_it.o(i.NMI_Handler)
    i.NVIC_Init                              0x080002fc   Section        0  misc.o(i.NVIC_Init)
    i.NVIC_PriorityGroupConfig               0x0800036c   Section        0  misc.o(i.NVIC_PriorityGroupConfig)
    i.PendSV_Handler                         0x08000380   Section        0  stm32f10x_it.o(i.PendSV_Handler)
    i.RCC_APB1PeriphClockCmd                 0x08000384   Section        0  stm32f10x_rcc.o(i.RCC_APB1PeriphClockCmd)
    i.RCC_APB2PeriphClockCmd                 0x080003a4   Section        0  stm32f10x_rcc.o(i.RCC_APB2PeriphClockCmd)
    i.RCC_GetClocksFreq                      0x080003c4   Section        0  stm32f10x_rcc.o(i.RCC_GetClocksFreq)
    i.RCC_PCLK1Config                        0x08000498   Section        0  stm32f10x_rcc.o(i.RCC_PCLK1Config)
    i.SPI2_IRQHandler                        0x080004b0   Section        0  spi.o(i.SPI2_IRQHandler)
    i.SPI_I2S_GetITStatus                    0x080004ec   Section        0  stm32f10x_spi.o(i.SPI_I2S_GetITStatus)
    i.SPI_I2S_ReceiveData                    0x08000520   Section        0  stm32f10x_spi.o(i.SPI_I2S_ReceiveData)
    i.SVC_Handler                            0x08000526   Section        0  stm32f10x_it.o(i.SVC_Handler)
    i.SendStr                                0x08000528   Section        0  uart.o(i.SendStr)
    i.SetSysClock                            0x080005a0   Section        0  system_stm32f10x.o(i.SetSysClock)
    SetSysClock                              0x080005a1   Thumb Code     8  system_stm32f10x.o(i.SetSysClock)
    i.SetSysClockTo72                        0x080005a8   Section        0  system_stm32f10x.o(i.SetSysClockTo72)
    SetSysClockTo72                          0x080005a9   Thumb Code   214  system_stm32f10x.o(i.SetSysClockTo72)
    i.SysTick_Handler                        0x08000688   Section        0  stm32f10x_it.o(i.SysTick_Handler)
    i.SystemInit                             0x0800068c   Section        0  system_stm32f10x.o(i.SystemInit)
    i.TIM2Init                               0x080006ec   Section        0  tim.o(i.TIM2Init)
    i.TIM2_IRQHandler                        0x080007ac   Section        0  tim.o(i.TIM2_IRQHandler)
    i.TIM3_IRQHandler                        0x08000844   Section        0  tim.o(i.TIM3_IRQHandler)
    i.TIM_ClearITPendingBit                  0x0800087c   Section        0  stm32f10x_tim.o(i.TIM_ClearITPendingBit)
    i.TIM_Cmd                                0x08000882   Section        0  stm32f10x_tim.o(i.TIM_Cmd)
    i.TIM_GetCapture1                        0x0800089a   Section        0  stm32f10x_tim.o(i.TIM_GetCapture1)
    i.TIM_GetITStatus                        0x080008a0   Section        0  stm32f10x_tim.o(i.TIM_GetITStatus)
    i.TIM_ITConfig                           0x080008c2   Section        0  stm32f10x_tim.o(i.TIM_ITConfig)
    i.TIM_OC1Init                            0x080008d4   Section        0  stm32f10x_tim.o(i.TIM_OC1Init)
    i.TIM_OC1PreloadConfig                   0x0800096c   Section        0  stm32f10x_tim.o(i.TIM_OC1PreloadConfig)
    i.TIM_PrescalerConfig                    0x0800097e   Section        0  stm32f10x_tim.o(i.TIM_PrescalerConfig)
    i.TIM_SetCompare1                        0x08000984   Section        0  stm32f10x_tim.o(i.TIM_SetCompare1)
    i.TIM_TimeBaseInit                       0x08000988   Section        0  stm32f10x_tim.o(i.TIM_TimeBaseInit)
    i.UART2Init                              0x08000a2c   Section        0  uart.o(i.UART2Init)
    i.UART3Init                              0x08000af8   Section        0  uart.o(i.UART3Init)
    i.UART4_IRQHandler                       0x08000bb0   Section        0  uart.o(i.UART4_IRQHandler)
    i.UART5_IRQHandler                       0x08000bd8   Section        0  uart.o(i.UART5_IRQHandler)
    i.USART1_IRQHandler                      0x08000c00   Section        0  uart.o(i.USART1_IRQHandler)
    i.USART2_IRQHandler                      0x08000c28   Section        0  uart.o(i.USART2_IRQHandler)
    i.USART3_IRQHandler                      0x08000cb8   Section        0  uart.o(i.USART3_IRQHandler)
    i.USART_ClearITPendingBit                0x08000d48   Section        0  stm32f10x_usart.o(i.USART_ClearITPendingBit)
    i.USART_Cmd                              0x08000d66   Section        0  stm32f10x_usart.o(i.USART_Cmd)
    i.USART_GetFlagStatus                    0x08000d7e   Section        0  stm32f10x_usart.o(i.USART_GetFlagStatus)
    i.USART_GetITStatus                      0x08000d98   Section        0  stm32f10x_usart.o(i.USART_GetITStatus)
    i.USART_ITConfig                         0x08000dec   Section        0  stm32f10x_usart.o(i.USART_ITConfig)
    i.USART_Init                             0x08000e38   Section        0  stm32f10x_usart.o(i.USART_Init)
    i.USART_ReceiveData                      0x08000f10   Section        0  stm32f10x_usart.o(i.USART_ReceiveData)
    i.USART_SendData                         0x08000f1a   Section        0  stm32f10x_usart.o(i.USART_SendData)
    i.UartRcvHandle                          0x08000f22   Section        0  uartcontrol.o(i.UartRcvHandle)
    i.UartRxFctnCtntHandle                   0x08000f4c   Section        0  uartcontrol.o(i.UartRxFctnCtntHandle)
    i.UartTxFctnCtntHandle                   0x08000f7a   Section        0  uartcontrol.o(i.UartTxFctnCtntHandle)
    i.UartTxHandle                           0x0800163e   Section        0  uartcontrol.o(i.UartTxHandle)
    i.UsageFault_Handler                     0x0800169a   Section        0  stm32f10x_it.o(i.UsageFault_Handler)
    i.__scatterload_copy                     0x0800169e   Section       14  handlers.o(i.__scatterload_copy)
    i.__scatterload_null                     0x080016ac   Section        2  handlers.o(i.__scatterload_null)
    i.__scatterload_zeroinit                 0x080016ae   Section       14  handlers.o(i.__scatterload_zeroinit)
    i.analyzeFrameContent                    0x080016bc   Section        0  uarthandle.o(i.analyzeFrameContent)
    i.getDataToFrame                         0x08001766   Section        0  uarthandle.o(i.getDataToFrame)
    i.main                                   0x08001820   Section        0  main.o(i.main)
    i.pinTest                                0x08001954   Section        0  inout.o(i.pinTest)
    i.pollSlaveHandle                        0x08001980   Section        0  uarthandle.o(i.pollSlaveHandle)
    i.regularTimeDo                          0x08001a2c   Section        0  uartcontrol.o(i.regularTimeDo)
    i.setCtrlData                            0x08001ab8   Section        0  uartcontrol.o(i.setCtrlData)
    i.setParaData                            0x08001ada   Section        0  uartcontrol.o(i.setParaData)
    i.slaveTopCtrl                           0x08001bf4   Section        0  uartcontrol.o(i.slaveTopCtrl)
    i.uartRcvContentHandle                   0x08001c0a   Section        0  uarthandle.o(i.uartRcvContentHandle)
    .data                                    0x20000000   Section       20  stm32f10x_rcc.o(.data)
    APBAHBPrescTable                         0x20000000   Data          16  stm32f10x_rcc.o(.data)
    ADCPrescTable                            0x20000010   Data           4  stm32f10x_rcc.o(.data)
    .data                                    0x20000014   Section       20  system_stm32f10x.o(.data)
    .data                                    0x20000028   Section       18  tim.o(.data)
    capture                                  0x2000002e   Data           2  tim.o(.data)
    timerNum_1S                              0x20000030   Data           2  tim.o(.data)
    timerNum_100MS                           0x20000032   Data           2  tim.o(.data)
    capture                                  0x20000034   Data           2  tim.o(.data)
    spdHoriCnt                               0x20000036   Data           2  tim.o(.data)
    spdVertCnt                               0x20000038   Data           2  tim.o(.data)
    .data                                    0x2000003a   Section       12  uart.o(.data)
    rxCnt1                                   0x20000040   Data           1  uart.o(.data)
    rcvFlag                                  0x20000041   Data           1  uart.o(.data)
    rxCnt1                                   0x20000042   Data           1  uart.o(.data)
    rcvFlag                                  0x20000043   Data           1  uart.o(.data)
    rxCnt1                                   0x20000044   Data           1  uart.o(.data)
    rcvFlag                                  0x20000045   Data           1  uart.o(.data)
    .data                                    0x20000048   Section      172  spi.o(.data)
    .data                                    0x200000f4   Section        2  uartcontrol.o(.data)
    checkDataCnt                             0x200000f4   Data           1  uartcontrol.o(.data)
    mobileDataCnt                            0x200000f5   Data           1  uartcontrol.o(.data)
    .bss                                     0x200000f8   Section      600  uart.o(.bss)
    .bss                                     0x20000350   Section       82  spi.o(.bss)
    .bss                                     0x200003a2   Section      884  uarthandle.o(.bss)
    STACK                                    0x20000718   Section     1024  startup_stm32f10x_hd.o(STACK)

    Global Symbols

    Symbol Name                              Value     Ov Type        Size  Object(Section)

    BuildAttributes$$THM_ISAv4$P$D$K$B$S$PE$A:L22UL41UL21$X:L11$S22US41US21$IEEE1$IW$USESV6$~STKCKD$USESV7$~SHL$OSPACE$ROPI$EBA8$MICROLIB$REQ8$PRES8$EABIv2 0x00000000   Number         0  anon$$obj.o ABSOLUTE
    __ARM_use_no_argv                        0x00000000   Number         0  main.o ABSOLUTE
    __cpp_initialize__aeabi_                  - Undefined Weak Reference
    __cxa_finalize                            - Undefined Weak Reference
    __decompress                              - Undefined Weak Reference
    _clock_init                               - Undefined Weak Reference
    _microlib_exit                            - Undefined Weak Reference
    __Vectors_Size                           0x00000130   Number         0  startup_stm32f10x_hd.o ABSOLUTE
    __Vectors                                0x08000000   Data           4  startup_stm32f10x_hd.o(RESET)
    __Vectors_End                            0x08000130   Data           0  startup_stm32f10x_hd.o(RESET)
    __main                                   0x08000131   Thumb Code     0  entry.o(.ARM.Collect$$$$00000000)
    _main_stk                                0x08000131   Thumb Code     0  entry2.o(.ARM.Collect$$$$00000001)
    _main_scatterload                        0x08000135   Thumb Code     0  entry5.o(.ARM.Collect$$$$00000004)
    __main_after_scatterload                 0x08000139   Thumb Code     0  entry5.o(.ARM.Collect$$$$00000004)
    _main_clock                              0x08000139   Thumb Code     0  entry7b.o(.ARM.Collect$$$$00000008)
    _main_cpp_init                           0x08000139   Thumb Code     0  entry8b.o(.ARM.Collect$$$$0000000A)
    _main_init                               0x08000139   Thumb Code     0  entry9a.o(.ARM.Collect$$$$0000000B)
    __rt_final_cpp                           0x08000141   Thumb Code     0  entry10a.o(.ARM.Collect$$$$0000000D)
    __rt_final_exit                          0x08000141   Thumb Code     0  entry11a.o(.ARM.Collect$$$$0000000F)
    Reset_Handler                            0x08000145   Thumb Code     8  startup_stm32f10x_hd.o(.text)
    ADC1_2_IRQHandler                        0x0800015f   Thumb Code     0  startup_stm32f10x_hd.o(.text)
    ADC3_IRQHandler                          0x0800015f   Thumb Code     0  startup_stm32f10x_hd.o(.text)
    CAN1_RX1_IRQHandler                      0x0800015f   Thumb Code     0  startup_stm32f10x_hd.o(.text)
    CAN1_SCE_IRQHandler                      0x0800015f   Thumb Code     0  startup_stm32f10x_hd.o(.text)
    DMA1_Channel1_IRQHandler                 0x0800015f   Thumb Code     0  startup_stm32f10x_hd.o(.text)
    DMA1_Channel2_IRQHandler                 0x0800015f   Thumb Code     0  startup_stm32f10x_hd.o(.text)
    DMA1_Channel3_IRQHandler                 0x0800015f   Thumb Code     0  startup_stm32f10x_hd.o(.text)
    DMA1_Channel4_IRQHandler                 0x0800015f   Thumb Code     0  startup_stm32f10x_hd.o(.text)
    DMA1_Channel5_IRQHandler                 0x0800015f   Thumb Code     0  startup_stm32f10x_hd.o(.text)
    DMA1_Channel6_IRQHandler                 0x0800015f   Thumb Code     0  startup_stm32f10x_hd.o(.text)
    DMA1_Channel7_IRQHandler                 0x0800015f   Thumb Code     0  startup_stm32f10x_hd.o(.text)
    DMA2_Channel1_IRQHandler                 0x0800015f   Thumb Code     0  startup_stm32f10x_hd.o(.text)
    DMA2_Channel2_IRQHandler                 0x0800015f   Thumb Code     0  startup_stm32f10x_hd.o(.text)
    DMA2_Channel3_IRQHandler                 0x0800015f   Thumb Code     0  startup_stm32f10x_hd.o(.text)
    DMA2_Channel4_5_IRQHandler               0x0800015f   Thumb Code     0  startup_stm32f10x_hd.o(.text)
    EXTI0_IRQHandler                         0x0800015f   Thumb Code     0  startup_stm32f10x_hd.o(.text)
    EXTI15_10_IRQHandler                     0x0800015f   Thumb Code     0  startup_stm32f10x_hd.o(.text)
    EXTI1_IRQHandler                         0x0800015f   Thumb Code     0  startup_stm32f10x_hd.o(.text)
    EXTI2_IRQHandler                         0x0800015f   Thumb Code     0  startup_stm32f10x_hd.o(.text)
    EXTI3_IRQHandler                         0x0800015f   Thumb Code     0  startup_stm32f10x_hd.o(.text)
    EXTI4_IRQHandler                         0x0800015f   Thumb Code     0  startup_stm32f10x_hd.o(.text)
    EXTI9_5_IRQHandler                       0x0800015f   Thumb Code     0  startup_stm32f10x_hd.o(.text)
    FLASH_IRQHandler                         0x0800015f   Thumb Code     0  startup_stm32f10x_hd.o(.text)
    FSMC_IRQHandler                          0x0800015f   Thumb Code     0  startup_stm32f10x_hd.o(.text)
    I2C1_ER_IRQHandler                       0x0800015f   Thumb Code     0  startup_stm32f10x_hd.o(.text)
    I2C1_EV_IRQHandler                       0x0800015f   Thumb Code     0  startup_stm32f10x_hd.o(.text)
    I2C2_ER_IRQHandler                       0x0800015f   Thumb Code     0  startup_stm32f10x_hd.o(.text)
    I2C2_EV_IRQHandler                       0x0800015f   Thumb Code     0  startup_stm32f10x_hd.o(.text)
    PVD_IRQHandler                           0x0800015f   Thumb Code     0  startup_stm32f10x_hd.o(.text)
    RCC_IRQHandler                           0x0800015f   Thumb Code     0  startup_stm32f10x_hd.o(.text)
    RTCAlarm_IRQHandler                      0x0800015f   Thumb Code     0  startup_stm32f10x_hd.o(.text)
    RTC_IRQHandler                           0x0800015f   Thumb Code     0  startup_stm32f10x_hd.o(.text)
    SDIO_IRQHandler                          0x0800015f   Thumb Code     0  startup_stm32f10x_hd.o(.text)
    SPI1_IRQHandler                          0x0800015f   Thumb Code     0  startup_stm32f10x_hd.o(.text)
    SPI3_IRQHandler                          0x0800015f   Thumb Code     0  startup_stm32f10x_hd.o(.text)
    TAMPER_IRQHandler                        0x0800015f   Thumb Code     0  startup_stm32f10x_hd.o(.text)
    TIM1_BRK_IRQHandler                      0x0800015f   Thumb Code     0  startup_stm32f10x_hd.o(.text)
    TIM1_CC_IRQHandler                       0x0800015f   Thumb Code     0  startup_stm32f10x_hd.o(.text)
    TIM1_TRG_COM_IRQHandler                  0x0800015f   Thumb Code     0  startup_stm32f10x_hd.o(.text)
    TIM1_UP_IRQHandler                       0x0800015f   Thumb Code     0  startup_stm32f10x_hd.o(.text)
    TIM4_IRQHandler                          0x0800015f   Thumb Code     0  startup_stm32f10x_hd.o(.text)
    TIM5_IRQHandler                          0x0800015f   Thumb Code     0  startup_stm32f10x_hd.o(.text)
    TIM6_IRQHandler                          0x0800015f   Thumb Code     0  startup_stm32f10x_hd.o(.text)
    TIM7_IRQHandler                          0x0800015f   Thumb Code     0  startup_stm32f10x_hd.o(.text)
    TIM8_BRK_IRQHandler                      0x0800015f   Thumb Code     0  startup_stm32f10x_hd.o(.text)
    TIM8_CC_IRQHandler                       0x0800015f   Thumb Code     0  startup_stm32f10x_hd.o(.text)
    TIM8_TRG_COM_IRQHandler                  0x0800015f   Thumb Code     0  startup_stm32f10x_hd.o(.text)
    TIM8_UP_IRQHandler                       0x0800015f   Thumb Code     0  startup_stm32f10x_hd.o(.text)
    USBWakeUp_IRQHandler                     0x0800015f   Thumb Code     0  startup_stm32f10x_hd.o(.text)
    USB_HP_CAN1_TX_IRQHandler                0x0800015f   Thumb Code     0  startup_stm32f10x_hd.o(.text)
    USB_LP_CAN1_RX0_IRQHandler               0x0800015f   Thumb Code     0  startup_stm32f10x_hd.o(.text)
    WWDG_IRQHandler                          0x0800015f   Thumb Code     0  startup_stm32f10x_hd.o(.text)
    __aeabi_memset                           0x08000169   Thumb Code    14  memseta.o(.text)
    __aeabi_memset4                          0x08000169   Thumb Code     0  memseta.o(.text)
    __aeabi_memset8                          0x08000169   Thumb Code     0  memseta.o(.text)
    __aeabi_memclr                           0x08000177   Thumb Code     4  memseta.o(.text)
    __aeabi_memclr4                          0x08000177   Thumb Code     0  memseta.o(.text)
    __aeabi_memclr8                          0x08000177   Thumb Code     0  memseta.o(.text)
    _memset$wrapper                          0x0800017b   Thumb Code    18  memseta.o(.text)
    __scatterload                            0x0800018d   Thumb Code    28  init.o(.text)
    __scatterload_rt2                        0x0800018d   Thumb Code     0  init.o(.text)
    BusFault_Handler                         0x080001b1   Thumb Code     4  stm32f10x_it.o(i.BusFault_Handler)
    DebugMon_Handler                         0x080001b5   Thumb Code     2  stm32f10x_it.o(i.DebugMon_Handler)
    GPIO_Init                                0x080001b7   Thumb Code   278  stm32f10x_gpio.o(i.GPIO_Init)
    GPIO_ReadOutputDataBit                   0x080002cd   Thumb Code    18  stm32f10x_gpio.o(i.GPIO_ReadOutputDataBit)
    GPIO_ResetBits                           0x080002df   Thumb Code     4  stm32f10x_gpio.o(i.GPIO_ResetBits)
    GPIO_SetBits                             0x080002e3   Thumb Code     4  stm32f10x_gpio.o(i.GPIO_SetBits)
    GPIO_WriteBit                            0x080002e7   Thumb Code    10  stm32f10x_gpio.o(i.GPIO_WriteBit)
    HardFault_Handler                        0x080002f1   Thumb Code     4  stm32f10x_it.o(i.HardFault_Handler)
    MemManage_Handler                        0x080002f5   Thumb Code     4  stm32f10x_it.o(i.MemManage_Handler)
    NMI_Handler                              0x080002f9   Thumb Code     2  stm32f10x_it.o(i.NMI_Handler)
    NVIC_Init                                0x080002fd   Thumb Code   100  misc.o(i.NVIC_Init)
    NVIC_PriorityGroupConfig                 0x0800036d   Thumb Code    10  misc.o(i.NVIC_PriorityGroupConfig)
    PendSV_Handler                           0x08000381   Thumb Code     2  stm32f10x_it.o(i.PendSV_Handler)
    RCC_APB1PeriphClockCmd                   0x08000385   Thumb Code    26  stm32f10x_rcc.o(i.RCC_APB1PeriphClockCmd)
    RCC_APB2PeriphClockCmd                   0x080003a5   Thumb Code    26  stm32f10x_rcc.o(i.RCC_APB2PeriphClockCmd)
    RCC_GetClocksFreq                        0x080003c5   Thumb Code   192  stm32f10x_rcc.o(i.RCC_GetClocksFreq)
    RCC_PCLK1Config                          0x08000499   Thumb Code    18  stm32f10x_rcc.o(i.RCC_PCLK1Config)
    SPI2_IRQHandler                          0x080004b1   Thumb Code    48  spi.o(i.SPI2_IRQHandler)
    SPI_I2S_GetITStatus                      0x080004ed   Thumb Code    52  stm32f10x_spi.o(i.SPI_I2S_GetITStatus)
    SPI_I2S_ReceiveData                      0x08000521   Thumb Code     6  stm32f10x_spi.o(i.SPI_I2S_ReceiveData)
    SVC_Handler                              0x08000527   Thumb Code     2  stm32f10x_it.o(i.SVC_Handler)
    SendStr                                  0x08000529   Thumb Code   116  uart.o(i.SendStr)
    SysTick_Handler                          0x08000689   Thumb Code     2  stm32f10x_it.o(i.SysTick_Handler)
    SystemInit                               0x0800068d   Thumb Code    78  system_stm32f10x.o(i.SystemInit)
    TIM2Init                                 0x080006ed   Thumb Code   182  tim.o(i.TIM2Init)
    TIM2_IRQHandler                          0x080007ad   Thumb Code   130  tim.o(i.TIM2_IRQHandler)
    TIM3_IRQHandler                          0x08000845   Thumb Code    46  tim.o(i.TIM3_IRQHandler)
    TIM_ClearITPendingBit                    0x0800087d   Thumb Code     6  stm32f10x_tim.o(i.TIM_ClearITPendingBit)
    TIM_Cmd                                  0x08000883   Thumb Code    24  stm32f10x_tim.o(i.TIM_Cmd)
    TIM_GetCapture1                          0x0800089b   Thumb Code     6  stm32f10x_tim.o(i.TIM_GetCapture1)
    TIM_GetITStatus                          0x080008a1   Thumb Code    34  stm32f10x_tim.o(i.TIM_GetITStatus)
    TIM_ITConfig                             0x080008c3   Thumb Code    18  stm32f10x_tim.o(i.TIM_ITConfig)
    TIM_OC1Init                              0x080008d5   Thumb Code   132  stm32f10x_tim.o(i.TIM_OC1Init)
    TIM_OC1PreloadConfig                     0x0800096d   Thumb Code    18  stm32f10x_tim.o(i.TIM_OC1PreloadConfig)
    TIM_PrescalerConfig                      0x0800097f   Thumb Code     6  stm32f10x_tim.o(i.TIM_PrescalerConfig)
    TIM_SetCompare1                          0x08000985   Thumb Code     4  stm32f10x_tim.o(i.TIM_SetCompare1)
    TIM_TimeBaseInit                         0x08000989   Thumb Code   122  stm32f10x_tim.o(i.TIM_TimeBaseInit)
    UART2Init                                0x08000a2d   Thumb Code   194  uart.o(i.UART2Init)
    UART3Init                                0x08000af9   Thumb Code   174  uart.o(i.UART3Init)
    UART4_IRQHandler                         0x08000bb1   Thumb Code    36  uart.o(i.UART4_IRQHandler)
    UART5_IRQHandler                         0x08000bd9   Thumb Code    36  uart.o(i.UART5_IRQHandler)
    USART1_IRQHandler                        0x08000c01   Thumb Code    36  uart.o(i.USART1_IRQHandler)
    USART2_IRQHandler                        0x08000c29   Thumb Code   120  uart.o(i.USART2_IRQHandler)
    USART3_IRQHandler                        0x08000cb9   Thumb Code   120  uart.o(i.USART3_IRQHandler)
    USART_ClearITPendingBit                  0x08000d49   Thumb Code    30  stm32f10x_usart.o(i.USART_ClearITPendingBit)
    USART_Cmd                                0x08000d67   Thumb Code    24  stm32f10x_usart.o(i.USART_Cmd)
    USART_GetFlagStatus                      0x08000d7f   Thumb Code    26  stm32f10x_usart.o(i.USART_GetFlagStatus)
    USART_GetITStatus                        0x08000d99   Thumb Code    84  stm32f10x_usart.o(i.USART_GetITStatus)
    USART_ITConfig                           0x08000ded   Thumb Code    74  stm32f10x_usart.o(i.USART_ITConfig)
    USART_Init                               0x08000e39   Thumb Code   210  stm32f10x_usart.o(i.USART_Init)
    USART_ReceiveData                        0x08000f11   Thumb Code    10  stm32f10x_usart.o(i.USART_ReceiveData)
    USART_SendData                           0x08000f1b   Thumb Code     8  stm32f10x_usart.o(i.USART_SendData)
    UartRcvHandle                            0x08000f23   Thumb Code    42  uartcontrol.o(i.UartRcvHandle)
    UartRxFctnCtntHandle                     0x08000f4d   Thumb Code    46  uartcontrol.o(i.UartRxFctnCtntHandle)
    UartTxFctnCtntHandle                     0x08000f7b   Thumb Code  1732  uartcontrol.o(i.UartTxFctnCtntHandle)
    UartTxHandle                             0x0800163f   Thumb Code    92  uartcontrol.o(i.UartTxHandle)
    UsageFault_Handler                       0x0800169b   Thumb Code     4  stm32f10x_it.o(i.UsageFault_Handler)
    __scatterload_copy                       0x0800169f   Thumb Code    14  handlers.o(i.__scatterload_copy)
    __scatterload_null                       0x080016ad   Thumb Code     2  handlers.o(i.__scatterload_null)
    __scatterload_zeroinit                   0x080016af   Thumb Code    14  handlers.o(i.__scatterload_zeroinit)
    analyzeFrameContent                      0x080016bd   Thumb Code   170  uarthandle.o(i.analyzeFrameContent)
    getDataToFrame                           0x08001767   Thumb Code   184  uarthandle.o(i.getDataToFrame)
    main                                     0x08001821   Thumb Code   258  main.o(i.main)
    pinTest                                  0x08001955   Thumb Code    40  inout.o(i.pinTest)
    pollSlaveHandle                          0x08001981   Thumb Code   164  uarthandle.o(i.pollSlaveHandle)
    regularTimeDo                            0x08001a2d   Thumb Code   132  uartcontrol.o(i.regularTimeDo)
    setCtrlData                              0x08001ab9   Thumb Code    34  uartcontrol.o(i.setCtrlData)
    setParaData                              0x08001adb   Thumb Code   282  uartcontrol.o(i.setParaData)
    slaveTopCtrl                             0x08001bf5   Thumb Code    22  uartcontrol.o(i.slaveTopCtrl)
    uartRcvContentHandle                     0x08001c0b   Thumb Code    74  uarthandle.o(i.uartRcvContentHandle)
    Region$$Table$$Base                      0x08001c54   Number         0  anon$$obj.o(Region$$Table)
    Region$$Table$$Limit                     0x08001c74   Number         0  anon$$obj.o(Region$$Table)
    SystemCoreClock                          0x20000014   Data           4  system_stm32f10x.o(.data)
    AHBPrescTable                            0x20000018   Data          16  system_stm32f10x.o(.data)
    mainT_state                              0x20000028   Data           3  tim.o(.data)
    tickTime_10ms                            0x2000002c   Data           2  tim.o(.data)
    rxLength1                                0x2000003a   Data           1  uart.o(.data)
    rxLength2                                0x2000003b   Data           1  uart.o(.data)
    rxLength3                                0x2000003c   Data           1  uart.o(.data)
    rx1Flag                                  0x2000003d   Data           1  uart.o(.data)
    rx2Flag                                  0x2000003e   Data           1  uart.o(.data)
    rx3Flag                                  0x2000003f   Data           1  uart.o(.data)
    SPI1_Buffer_Tx                           0x20000048   Data          64  spi.o(.data)
    SPI_MASTER_Buffer_Tx                     0x20000088   Data          32  spi.o(.data)
    SPI2_Buffer_Tx                           0x200000a8   Data          64  spi.o(.data)
    TxIdx                                    0x200000e8   Data           4  spi.o(.data)
    RxIdx                                    0x200000ec   Data           4  spi.o(.data)
    CRC1Value                                0x200000f0   Data           2  spi.o(.data)
    CRC2Value                                0x200000f2   Data           2  spi.o(.data)
    rxBuf1                                   0x200000f8   Data         100  uart.o(.bss)
    rxBuf2                                   0x2000015c   Data         100  uart.o(.bss)
    rxBuf3                                   0x200001c0   Data         100  uart.o(.bss)
    txBuf1                                   0x20000224   Data         100  uart.o(.bss)
    txBuf2                                   0x20000288   Data         100  uart.o(.bss)
    txBuf3                                   0x200002ec   Data         100  uart.o(.bss)
    SPI_InitStructure                        0x20000350   Data          18  spi.o(.bss)
    SPI1_Buffer_Rx                           0x20000362   Data          32  spi.o(.bss)
    SPI2_Buffer_Rx                           0x20000382   Data          32  spi.o(.bss)
    uartData                                 0x200003a2   Data         884  uarthandle.o(.bss)
    __initial_sp                             0x20000b18   Data           0  startup_stm32f10x_hd.o(STACK)



==============================================================================

Memory Map of the image

  Image Entry point : 0x08000131

  Load Region LR_IROM1 (Base: 0x08000000, Size: 0x00001d6c, Max: 0x00080000, ABSOLUTE)

    Execution Region ER_IROM1 (Base: 0x08000000, Size: 0x00001c74, Max: 0x00080000, ABSOLUTE)

    Base Addr    Size         Type   Attr      Idx    E Section Name        Object

    0x08000000   0x00000130   Data   RO         4282    RESET               startup_stm32f10x_hd.o
    0x08000130   0x00000000   Code   RO         4565  * .ARM.Collect$$$$00000000  mc_w.l(entry.o)
    0x08000130   0x00000004   Code   RO         4578    .ARM.Collect$$$$00000001  mc_w.l(entry2.o)
    0x08000134   0x00000004   Code   RO         4581    .ARM.Collect$$$$00000004  mc_w.l(entry5.o)
    0x08000138   0x00000000   Code   RO         4583    .ARM.Collect$$$$00000008  mc_w.l(entry7b.o)
    0x08000138   0x00000000   Code   RO         4585    .ARM.Collect$$$$0000000A  mc_w.l(entry8b.o)
    0x08000138   0x00000008   Code   RO         4586    .ARM.Collect$$$$0000000B  mc_w.l(entry9a.o)
    0x08000140   0x00000000   Code   RO         4588    .ARM.Collect$$$$0000000D  mc_w.l(entry10a.o)
    0x08000140   0x00000000   Code   RO         4590    .ARM.Collect$$$$0000000F  mc_w.l(entry11a.o)
    0x08000140   0x00000004   Code   RO         4579    .ARM.Collect$$$$00002712  mc_w.l(entry2.o)
    0x08000144   0x00000024   Code   RO         4283    .text               startup_stm32f10x_hd.o
    0x08000168   0x00000024   Code   RO         4568    .text               mc_w.l(memseta.o)
    0x0800018c   0x00000024   Code   RO         4595    .text               mc_w.l(init.o)
    0x080001b0   0x00000004   Code   RO            1    i.BusFault_Handler  stm32f10x_it.o
    0x080001b4   0x00000002   Code   RO            2    i.DebugMon_Handler  stm32f10x_it.o
    0x080001b6   0x00000116   Code   RO          488    i.GPIO_Init         stm32f10x_gpio.o
    0x080002cc   0x00000012   Code   RO          494    i.GPIO_ReadOutputDataBit  stm32f10x_gpio.o
    0x080002de   0x00000004   Code   RO          495    i.GPIO_ResetBits    stm32f10x_gpio.o
    0x080002e2   0x00000004   Code   RO          496    i.GPIO_SetBits      stm32f10x_gpio.o
    0x080002e6   0x0000000a   Code   RO          499    i.GPIO_WriteBit     stm32f10x_gpio.o
    0x080002f0   0x00000004   Code   RO            3    i.HardFault_Handler  stm32f10x_it.o
    0x080002f4   0x00000004   Code   RO            4    i.MemManage_Handler  stm32f10x_it.o
    0x080002f8   0x00000002   Code   RO            5    i.NMI_Handler       stm32f10x_it.o
    0x080002fa   0x00000002   PAD
    0x080002fc   0x00000070   Code   RO          602    i.NVIC_Init         misc.o
    0x0800036c   0x00000014   Code   RO          603    i.NVIC_PriorityGroupConfig  misc.o
    0x08000380   0x00000002   Code   RO            6    i.PendSV_Handler    stm32f10x_it.o
    0x08000382   0x00000002   PAD
    0x08000384   0x00000020   Code   RO          215    i.RCC_APB1PeriphClockCmd  stm32f10x_rcc.o
    0x080003a4   0x00000020   Code   RO          217    i.RCC_APB2PeriphClockCmd  stm32f10x_rcc.o
    0x080003c4   0x000000d4   Code   RO          225    i.RCC_GetClocksFreq  stm32f10x_rcc.o
    0x08000498   0x00000018   Code   RO          236    i.RCC_PCLK1Config   stm32f10x_rcc.o
    0x080004b0   0x0000003c   Code   RO         4428    i.SPI2_IRQHandler   spi.o
    0x080004ec   0x00000034   Code   RO          712    i.SPI_I2S_GetITStatus  stm32f10x_spi.o
    0x08000520   0x00000006   Code   RO          714    i.SPI_I2S_ReceiveData  stm32f10x_spi.o
    0x08000526   0x00000002   Code   RO            7    i.SVC_Handler       stm32f10x_it.o
    0x08000528   0x00000078   Code   RO         4347    i.SendStr           uart.o
    0x080005a0   0x00000008   Code   RO         3308    i.SetSysClock       system_stm32f10x.o
    0x080005a8   0x000000e0   Code   RO         3309    i.SetSysClockTo72   system_stm32f10x.o
    0x08000688   0x00000002   Code   RO            8    i.SysTick_Handler   stm32f10x_it.o
    0x0800068a   0x00000002   PAD
    0x0800068c   0x00000060   Code   RO         3311    i.SystemInit        system_stm32f10x.o
    0x080006ec   0x000000c0   Code   RO         4299    i.TIM2Init          tim.o
    0x080007ac   0x00000098   Code   RO         4300    i.TIM2_IRQHandler   tim.o
    0x08000844   0x00000038   Code   RO         4302    i.TIM3_IRQHandler   tim.o
    0x0800087c   0x00000006   Code   RO         2703    i.TIM_ClearITPendingBit  stm32f10x_tim.o
    0x08000882   0x00000018   Code   RO         2708    i.TIM_Cmd           stm32f10x_tim.o
    0x0800089a   0x00000006   Code   RO         2723    i.TIM_GetCapture1   stm32f10x_tim.o
    0x080008a0   0x00000022   Code   RO         2729    i.TIM_GetITStatus   stm32f10x_tim.o
    0x080008c2   0x00000012   Code   RO         2733    i.TIM_ITConfig      stm32f10x_tim.o
    0x080008d4   0x00000098   Code   RO         2737    i.TIM_OC1Init       stm32f10x_tim.o
    0x0800096c   0x00000012   Code   RO         2740    i.TIM_OC1PreloadConfig  stm32f10x_tim.o
    0x0800097e   0x00000006   Code   RO         2757    i.TIM_PrescalerConfig  stm32f10x_tim.o
    0x08000984   0x00000004   Code   RO         2769    i.TIM_SetCompare1   stm32f10x_tim.o
    0x08000988   0x000000a4   Code   RO         2779    i.TIM_TimeBaseInit  stm32f10x_tim.o
    0x08000a2c   0x000000cc   Code   RO         4349    i.UART2Init         uart.o
    0x08000af8   0x000000b8   Code   RO         4350    i.UART3Init         uart.o
    0x08000bb0   0x00000028   Code   RO         4352    i.UART4_IRQHandler  uart.o
    0x08000bd8   0x00000028   Code   RO         4354    i.UART5_IRQHandler  uart.o
    0x08000c00   0x00000028   Code   RO         4355    i.USART1_IRQHandler  uart.o
    0x08000c28   0x00000090   Code   RO         4356    i.USART2_IRQHandler  uart.o
    0x08000cb8   0x00000090   Code   RO         4357    i.USART3_IRQHandler  uart.o
    0x08000d48   0x0000001e   Code   RO          969    i.USART_ClearITPendingBit  stm32f10x_usart.o
    0x08000d66   0x00000018   Code   RO          972    i.USART_Cmd         stm32f10x_usart.o
    0x08000d7e   0x0000001a   Code   RO          975    i.USART_GetFlagStatus  stm32f10x_usart.o
    0x08000d98   0x00000054   Code   RO          976    i.USART_GetITStatus  stm32f10x_usart.o
    0x08000dec   0x0000004a   Code   RO          978    i.USART_ITConfig    stm32f10x_usart.o
    0x08000e36   0x00000002   PAD
    0x08000e38   0x000000d8   Code   RO          979    i.USART_Init        stm32f10x_usart.o
    0x08000f10   0x0000000a   Code   RO          986    i.USART_ReceiveData  stm32f10x_usart.o
    0x08000f1a   0x00000008   Code   RO          989    i.USART_SendData    stm32f10x_usart.o
    0x08000f22   0x0000002a   Code   RO         4493    i.UartRcvHandle     uartcontrol.o
    0x08000f4c   0x0000002e   Code   RO         4494    i.UartRxFctnCtntHandle  uartcontrol.o
    0x08000f7a   0x000006c4   Code   RO         4495    i.UartTxFctnCtntHandle  uartcontrol.o
    0x0800163e   0x0000005c   Code   RO         4496    i.UartTxHandle      uartcontrol.o
    0x0800169a   0x00000004   Code   RO            9    i.UsageFault_Handler  stm32f10x_it.o
    0x0800169e   0x0000000e   Code   RO         4603    i.__scatterload_copy  mc_w.l(handlers.o)
    0x080016ac   0x00000002   Code   RO         4604    i.__scatterload_null  mc_w.l(handlers.o)
    0x080016ae   0x0000000e   Code   RO         4605    i.__scatterload_zeroinit  mc_w.l(handlers.o)
    0x080016bc   0x000000aa   Code   RO         4454    i.analyzeFrameContent  uarthandle.o
    0x08001766   0x000000b8   Code   RO         4455    i.getDataToFrame    uarthandle.o
    0x0800181e   0x00000002   PAD
    0x08001820   0x00000134   Code   RO          152    i.main              main.o
    0x08001954   0x0000002c   Code   RO         4287    i.pinTest           inout.o
    0x08001980   0x000000ac   Code   RO         4456    i.pollSlaveHandle   uarthandle.o
    0x08001a2c   0x0000008c   Code   RO         4497    i.regularTimeDo     uartcontrol.o
    0x08001ab8   0x00000022   Code   RO         4498    i.setCtrlData       uartcontrol.o
    0x08001ada   0x0000011a   Code   RO         4499    i.setParaData       uartcontrol.o
    0x08001bf4   0x00000016   Code   RO         4500    i.slaveTopCtrl      uartcontrol.o
    0x08001c0a   0x0000004a   Code   RO         4457    i.uartRcvContentHandle  uarthandle.o
    0x08001c54   0x00000020   Data   RO         4601    Region$$Table       anon$$obj.o


    Execution Region RW_IRAM1 (Base: 0x20000000, Size: 0x00000b18, Max: 0x00010000, ABSOLUTE)

    Base Addr    Size         Type   Attr      Idx    E Section Name        Object

    0x20000000   0x00000014   Data   RW          245    .data               stm32f10x_rcc.o
    0x20000014   0x00000014   Data   RW         3312    .data               system_stm32f10x.o
    0x20000028   0x00000012   Data   RW         4305    .data               tim.o
    0x2000003a   0x0000000c   Data   RW         4359    .data               uart.o
    0x20000046   0x00000002   PAD
    0x20000048   0x000000ac   Data   RW         4430    .data               spi.o
    0x200000f4   0x00000002   Data   RW         4502    .data               uartcontrol.o
    0x200000f6   0x00000002   PAD
    0x200000f8   0x00000258   Zero   RW         4358    .bss                uart.o
    0x20000350   0x00000052   Zero   RW         4429    .bss                spi.o
    0x200003a2   0x00000374   Zero   RW         4458    .bss                uarthandle.o
    0x20000716   0x00000002   PAD
    0x20000718   0x00000400   Zero   RW         4280    STACK               startup_stm32f10x_hd.o


==============================================================================

Image component sizes


      Code (inc. data)   RO Data    RW Data    ZI Data      Debug   Object Name

         0          0          0          0          0         32   core_cm3.o
        44          4          0          0          0        518   inout.o
       308         50          0          0          0     206267   main.o
       132         22          0          0          0       3743   misc.o
        60         12          0        172         82       1619   spi.o
        36          8        304          0       1024        960   startup_stm32f10x_hd.o
       314          0          0          0          0      22293   stm32f10x_gpio.o
        26          0          0          0          0      50962   stm32f10x_it.o
       300         38          0         20          0      14492   stm32f10x_rcc.o
        58          0          0          0          0       9704   stm32f10x_spi.o
       432         62          0          0          0      28157   stm32f10x_tim.o
       472          6          0          0          0      13903   stm32f10x_usart.o
       328         28          0         20          0       2377   system_stm32f10x.o
       400         42          0         18          0       3111   tim.o
       916         84          0         12        600       6082   uart.o
      2390          8          0          2          0       7775   uartcontrol.o
       600          8          0          0        884       5311   uarthandle.o

    ----------------------------------------------------------------------
      6826        372        336        248       2592     377306   Object Totals
         0          0         32          0          0          0   (incl. Generated)
        10          0          0          4          2          0   (incl. Padding)

    ----------------------------------------------------------------------

      Code (inc. data)   RO Data    RW Data    ZI Data      Debug   Library Member Name

         0          0          0          0          0          0   entry.o
         0          0          0          0          0          0   entry10a.o
         0          0          0          0          0          0   entry11a.o
         8          4          0          0          0          0   entry2.o
         4          0          0          0          0          0   entry5.o
         0          0          0          0          0          0   entry7b.o
         0          0          0          0          0          0   entry8b.o
         8          4          0          0          0          0   entry9a.o
        30          0          0          0          0          0   handlers.o
        36          8          0          0          0         68   init.o
        36          0          0          0          0        108   memseta.o

    ----------------------------------------------------------------------
       122         16          0          0          0        176   Library Totals
         0          0          0          0          0          0   (incl. Padding)

    ----------------------------------------------------------------------

      Code (inc. data)   RO Data    RW Data    ZI Data      Debug   Library Name

       122         16          0          0          0        176   mc_w.l

    ----------------------------------------------------------------------
       122         16          0          0          0        176   Library Totals

    ----------------------------------------------------------------------

==============================================================================


      Code (inc. data)   RO Data    RW Data    ZI Data      Debug   

      6948        388        336        248       2592     374254   Grand Totals
      6948        388        336        248       2592     374254   ELF Image Totals
      6948        388        336        248          0          0   ROM Totals

==============================================================================

    Total RO  Size (Code + RO Data)                 7284 (   7.11kB)
    Total RW  Size (RW Data + ZI Data)              2840 (   2.77kB)
    Total ROM Size (Code + RO Data + RW Data)       7532 (   7.36kB)

==============================================================================

